class JsonProvider : obj
    static member AsyncGetSample: () -> JsonProvider+Root async
    let f = new Func<_,_>(fun (t:TextReader) -> JsonDocument.Create(t, ""))
    TextRuntime.AsyncMap((IO.asyncReadTextAtRuntimeWithDesignTimeRules "<RESOLUTION_FOLDER>" "" "JSON" "" "projects.json"), f)

    static member AsyncLoad: uri:string -> JsonProvider+Root async
    let uri = uri
    let f = new Func<_,_>(fun (t:TextReader) -> JsonDocument.Create(t, ""))
    TextRuntime.AsyncMap((IO.asyncReadTextAtRuntime false "<RESOLUTION_FOLDER>" "" "JSON" "" uri), f)

    static member GetSample: () -> JsonProvider+Root
    JsonDocument.Create(FSharpAsync.RunSynchronously((IO.asyncReadTextAtRuntimeWithDesignTimeRules "<RESOLUTION_FOLDER>" "" "JSON" "" "projects.json")), "")

    static member Load: stream:System.IO.Stream -> JsonProvider+Root
    let stream = stream
    JsonDocument.Create(((new StreamReader(stream)) :> TextReader), "")

    static member Load: reader:System.IO.TextReader -> JsonProvider+Root
    let reader = reader
    JsonDocument.Create(reader, "")

    static member Load: uri:string -> JsonProvider+Root
    let uri = uri
    JsonDocument.Create(FSharpAsync.RunSynchronously((IO.asyncReadTextAtRuntime false "<RESOLUTION_FOLDER>" "" "JSON" "" uri)), "")

    static member Parse: text:string -> JsonProvider+Root
    let text = text
    JsonDocument.Create(((new StringReader(text)) :> TextReader), "")


class JsonProvider+Root : FDR.BaseTypes.IJsonDocument
    new : ordercontainer:JsonProvider+Ordercontainer -> JsonProvider+Root
    let this = ordercontainer
    JsonRuntime.CreateRecord([| ("ordercontainer",
                                 (this :> obj)) |], "")

    new : jsonValue:JsonValue -> JsonProvider+Root
    let this = jsonValue
    JsonDocument.Create(this, "")

    member Ordercontainer: JsonProvider+Ordercontainer with get
    let this = this
    JsonRuntime.GetPropertyPacked(this, "ordercontainer")


class JsonProvider+Ordercontainer : FDR.BaseTypes.IJsonDocument
    new : backgrounds:JsonProvider+Backgrounds -> project:JsonProvider+Background -> JsonProvider+Ordercontainer
    let this = backgrounds
    let backgrounds = project
    JsonRuntime.CreateRecord([| ("backgrounds",
                                 (this :> obj))
                                ("project",
                                 (backgrounds :> obj)) |], "")

    new : jsonValue:JsonValue -> JsonProvider+Ordercontainer
    let this = jsonValue
    JsonDocument.Create(this, "")

    member Backgrounds: JsonProvider+Backgrounds with get
    let this = this
    JsonRuntime.GetPropertyPacked(this, "backgrounds")

    member Project: JsonProvider+Background with get
    let this = this
    JsonRuntime.GetPropertyPacked(this, "project")


class JsonProvider+Background : FDR.BaseTypes.IJsonDocument
    new : title:JsonProvider+Title -> JsonProvider+Background
    let this = title
    JsonRuntime.CreateRecord([| ("title",
                                 (this :> obj)) |], "")

    new : jsonValue:JsonValue -> JsonProvider+Background
    let this = jsonValue
    JsonDocument.Create(this, "")

    member Title: JsonProvider+Title with get
    let this = this
    JsonRuntime.GetPropertyPacked(this, "title")


class JsonProvider+Backgrounds : FDR.BaseTypes.IJsonDocument
    new : background:JsonProvider+Background -> JsonProvider+Backgrounds
    let this = background
    JsonRuntime.CreateRecord([| ("background",
                                 (this :> obj)) |], "")

    new : jsonValue:JsonValue -> JsonProvider+Backgrounds
    let this = jsonValue
    JsonDocument.Create(this, "")

    member Background: JsonProvider+Background with get
    let this = this
    JsonRuntime.GetPropertyPacked(this, "background")


class JsonProvider+Title : FDR.BaseTypes.IJsonDocument
    new : text:string -> JsonProvider+Title
    let this = text
    JsonRuntime.CreateRecord([| ("text",
                                 (this :> obj)) |], "")

    new : jsonValue:JsonValue -> JsonProvider+Title
    let this = jsonValue
    JsonDocument.Create(this, "")

    member Text: string with get
    let this = this
    let value = JsonRuntime.TryGetPropertyUnpackedWithPath(this, "text")
    JsonRuntime.GetNonOptionalValue(value.Path, JsonRuntime.ConvertString("", value.JsonOpt), value.JsonOpt)


