class JsonProvider : obj
    static member AsyncGetSample: () -> JsonProvider+Root async
    let f = new Func<_,_>(fun (t:TextReader) -> JsonDocument.Create(t, ""))
    TextRuntime.AsyncMap((IO.asyncReadTextAtRuntimeWithDesignTimeRules "<RESOLUTION_FOLDER>" "" "JSON" "" "Simple.json"), f)

    static member AsyncLoad: uri:string -> JsonProvider+Root async
    let uri = uri
    let f = new Func<_,_>(fun (t:TextReader) -> JsonDocument.Create(t, ""))
    TextRuntime.AsyncMap((IO.asyncReadTextAtRuntime false "<RESOLUTION_FOLDER>" "" "JSON" "" uri), f)

    static member GetSample: () -> JsonProvider+Root
    JsonDocument.Create(FSharpAsync.RunSynchronously((IO.asyncReadTextAtRuntimeWithDesignTimeRules "<RESOLUTION_FOLDER>" "" "JSON" "" "Simple.json")), "")

    static member Load: stream:System.IO.Stream -> JsonProvider+Root
    let stream = stream
    JsonDocument.Create(((new StreamReader(stream)) :> TextReader), "")

    static member Load: reader:System.IO.TextReader -> JsonProvider+Root
    let reader = reader
    JsonDocument.Create(reader, "")

    static member Load: uri:string -> JsonProvider+Root
    let uri = uri
    JsonDocument.Create(FSharpAsync.RunSynchronously((IO.asyncReadTextAtRuntime false "<RESOLUTION_FOLDER>" "" "JSON" "" uri)), "")

    static member Parse: text:string -> JsonProvider+Root
    let text = text
    JsonDocument.Create(((new StringReader(text)) :> TextReader), "")


class JsonProvider+Root : FDR.BaseTypes.IJsonDocument
    new : firstName:string -> lastName:string -> age:int -> isCool:bool -> JsonProvider+Root
    let this = firstName
    let firstName = lastName
    let lastName = age
    let age = isCool
    JsonRuntime.CreateRecord([| ("firstName",
                                 (this :> obj))
                                ("lastName",
                                 (firstName :> obj))
                                ("age",
                                 (lastName :> obj))
                                ("isCool",
                                 (age :> obj)) |], "")

    new : jsonValue:JsonValue -> JsonProvider+Root
    let this = jsonValue
    JsonDocument.Create(this, "")

    member Age: int with get
    let this = this
    let value = JsonRuntime.TryGetPropertyUnpackedWithPath(this, "age")
    JsonRuntime.GetNonOptionalValue(value.Path, JsonRuntime.ConvertInteger("", value.JsonOpt), value.JsonOpt)

    member FirstName: string with get
    let this = this
    let value = JsonRuntime.TryGetPropertyUnpackedWithPath(this, "firstName")
    JsonRuntime.GetNonOptionalValue(value.Path, JsonRuntime.ConvertString("", value.JsonOpt), value.JsonOpt)

    member IsCool: bool with get
    let this = this
    let value = JsonRuntime.TryGetPropertyUnpackedWithPath(this, "isCool")
    JsonRuntime.GetNonOptionalValue(value.Path, JsonRuntime.ConvertBoolean(value.JsonOpt), value.JsonOpt)

    member LastName: string with get
    let this = this
    let value = JsonRuntime.TryGetPropertyUnpackedWithPath(this, "lastName")
    JsonRuntime.GetNonOptionalValue(value.Path, JsonRuntime.ConvertString("", value.JsonOpt), value.JsonOpt)


