class XmlProvider : obj
    static member AsyncGetSamples: () -> XmlProvider+Choice[] async
    let f = new Func<_,_>(fun (t:TextReader) -> XmlElement.CreateList(t))
    TextRuntime.AsyncMap((IO.asyncReadTextAtRuntimeWithDesignTimeRules "<RESOLUTION_FOLDER>" "" "XML" "" "search.atom.xml"), f)

    static member AsyncLoad: uri:string -> XmlProvider+Choice async
    let uri = uri
    let f = new Func<_,_>(fun (t:TextReader) -> XmlElement.Create(t))
    TextRuntime.AsyncMap((IO.asyncReadTextAtRuntime false "<RESOLUTION_FOLDER>" "" "XML" "" uri), f)

    static member GetSamples: () -> XmlProvider+Choice[]
    XmlElement.CreateList(FSharpAsync.RunSynchronously((IO.asyncReadTextAtRuntimeWithDesignTimeRules "<RESOLUTION_FOLDER>" "" "XML" "" "search.atom.xml")))

    static member Load: stream:System.IO.Stream -> XmlProvider+Choice
    let stream = stream
    XmlElement.Create(((new StreamReader(stream)) :> TextReader))

    static member Load: reader:System.IO.TextReader -> XmlProvider+Choice
    let reader = reader
    XmlElement.Create(reader)

    static member Load: uri:string -> XmlProvider+Choice
    let uri = uri
    XmlElement.Create(FSharpAsync.RunSynchronously((IO.asyncReadTextAtRuntime false "<RESOLUTION_FOLDER>" "" "XML" "" uri)))

    static member Parse: text:string -> XmlProvider+Choice
    let text = text
    XmlElement.Create(((new StringReader(text)) :> TextReader))


class XmlProvider+Choice : FDR.BaseTypes.XmlElement
    new : itemsPerPage:int -> XmlProvider+Choice
    let this = itemsPerPage
    XmlRuntime.CreateValue("{http://a9.com/-/spec/opensearch/1.1/}itemsPerPage", (this :> obj), "")

    new : entry:XmlProvider+Entry -> XmlProvider+Choice
    let this = entry
    this

    new : id:string -> XmlProvider+Choice
    let this = id
    XmlRuntime.CreateValue("{http://www.w3.org/2005/Atom}id", (this :> obj), "")

    new : link:XmlProvider+Link2 -> XmlProvider+Choice
    let this = link
    this

    new : title:string -> XmlProvider+Choice
    let this = title
    XmlRuntime.CreateValue("{http://www.w3.org/2005/Atom}title", (this :> obj), "")

    new : updated:System.DateTime -> XmlProvider+Choice
    let this = updated
    XmlRuntime.CreateValue("{http://www.w3.org/2005/Atom}updated", (this :> obj), "")

    new : xElement:System.Xml.Linq.XElement -> XmlProvider+Choice
    let this = xElement
    XmlElement.Create(this)

    member Entry: XmlProvider+Entry option with get
    let this = this
    XmlRuntime.ConvertAsName(this, "{http://www.w3.org/2005/Atom}entry", new Func<_,_>(id)))

    member Id: string option with get
    let this = this
    XmlRuntime.ConvertAsName(this, "{http://www.w3.org/2005/Atom}id", new Func<_,_>(fun (t:XmlElement) -> 
                                                                                       let value = XmlRuntime.TryGetValue(t)
                                                                                       TextRuntime.GetNonOptionalValue("Value", TextRuntime.ConvertString(value), value)))

    member ItemsPerPage: int option with get
    let this = this
    XmlRuntime.ConvertAsName(this, "{http://a9.com/-/spec/opensearch/1.1/}itemsPerPage", new Func<_,_>(fun (t:XmlElement) -> 
                                                                                                          let value = XmlRuntime.TryGetValue(t)
                                                                                                          TextRuntime.GetNonOptionalValue("Value", TextRuntime.ConvertInteger("", value), value)))

    member Link: XmlProvider+Link2 option with get
    let this = this
    XmlRuntime.ConvertAsName(this, "{http://www.w3.org/2005/Atom}link", new Func<_,_>(id)))

    member Title: string option with get
    let this = this
    XmlRuntime.ConvertAsName(this, "{http://www.w3.org/2005/Atom}title", new Func<_,_>(fun (t:XmlElement) -> 
                                                                                          let value = XmlRuntime.TryGetValue(t)
                                                                                          TextRuntime.GetNonOptionalValue("Value", TextRuntime.ConvertString(value), value)))

    member Updated: System.DateTime option with get
    let this = this
    XmlRuntime.ConvertAsName(this, "{http://www.w3.org/2005/Atom}updated", new Func<_,_>(fun (t:XmlElement) -> 
                                                                                            let value = XmlRuntime.TryGetValue(t)
                                                                                            TextRuntime.GetNonOptionalValue("Value", TextRuntime.ConvertDateTime("", value), value)))


class XmlProvider+Entry : FDR.BaseTypes.XmlElement
    new : id:string -> published:System.DateTime -> links:XmlProvider+Link[] -> title:string -> content:XmlProvider+Content -> updated:System.DateTime -> geo:XmlProvider+Geo -> metadata:XmlProvider+Metadata -> source:string -> lang:string -> author:XmlProvider+Author -> XmlProvider+Entry
    let this = id
    let id = published
    let published = links
    let links = title
    let title = content
    let content = updated
    let updated = geo
    let geo = metadata
    let metadata = source
    let source = lang
    let lang = author
    XmlRuntime.CreateRecord("{http://www.w3.org/2005/Atom}entry", 
                            [| |], 
                            [| ("{http://www.w3.org/2005/Atom}id",
                                (this :> obj))
                               ("{http://www.w3.org/2005/Atom}published",
                                (id :> obj))
                               ("{http://www.w3.org/2005/Atom}link",
                                (published :> obj))
                               ("{http://www.w3.org/2005/Atom}title",
                                (links :> obj))
                               ("{http://www.w3.org/2005/Atom}content",
                                (title :> obj))
                               ("{http://www.w3.org/2005/Atom}updated",
                                (content :> obj))
                               ("{http://api.twitter.com/}geo",
                                (updated :> obj))
                               ("{http://api.twitter.com/}metadata",
                                (geo :> obj))
                               ("{http://api.twitter.com/}source",
                                (metadata :> obj))
                               ("{http://api.twitter.com/}lang",
                                (source :> obj))
                               ("{http://www.w3.org/2005/Atom}author",
                                (lang :> obj)) |], "")

    new : xElement:System.Xml.Linq.XElement -> XmlProvider+Entry
    let this = xElement
    XmlElement.Create(this)

    member Author: XmlProvider+Author with get
    let this = this
    XmlRuntime.GetChild(this, "{http://www.w3.org/2005/Atom}author")

    member Content: XmlProvider+Content with get
    let this = this
    XmlRuntime.GetChild(this, "{http://www.w3.org/2005/Atom}content")

    member Geo: XmlProvider+Geo with get
    let this = this
    XmlRuntime.GetChild(this, "{http://api.twitter.com/}geo")

    member Id: string with get
    let this = this
    let value = XmlRuntime.TryGetValue(XmlRuntime.GetChild(this, "{http://www.w3.org/2005/Atom}id"))
    TextRuntime.GetNonOptionalValue("Value", TextRuntime.ConvertString(value), value)

    member Lang: string with get
    let this = this
    let value = XmlRuntime.TryGetValue(XmlRuntime.GetChild(this, "{http://api.twitter.com/}lang"))
    TextRuntime.GetNonOptionalValue("Value", TextRuntime.ConvertString(value), value)

    member Links: XmlProvider+Link[] with get
    let this = this
    XmlRuntime.ConvertArray(this, "{http://www.w3.org/2005/Atom}link", new Func<_,_>(id)))

    member Metadata: XmlProvider+Metadata with get
    let this = this
    XmlRuntime.GetChild(this, "{http://api.twitter.com/}metadata")

    member Published: System.DateTime with get
    let this = this
    let value = XmlRuntime.TryGetValue(XmlRuntime.GetChild(this, "{http://www.w3.org/2005/Atom}published"))
    TextRuntime.GetNonOptionalValue("Value", TextRuntime.ConvertDateTime("", value), value)

    member Source: string with get
    let this = this
    let value = XmlRuntime.TryGetValue(XmlRuntime.GetChild(this, "{http://api.twitter.com/}source"))
    TextRuntime.GetNonOptionalValue("Value", TextRuntime.ConvertString(value), value)

    member Title: string with get
    let this = this
    let value = XmlRuntime.TryGetValue(XmlRuntime.GetChild(this, "{http://www.w3.org/2005/Atom}title"))
    TextRuntime.GetNonOptionalValue("Value", TextRuntime.ConvertString(value), value)

    member Updated: System.DateTime with get
    let this = this
    let value = XmlRuntime.TryGetValue(XmlRuntime.GetChild(this, "{http://www.w3.org/2005/Atom}updated"))
    TextRuntime.GetNonOptionalValue("Value", TextRuntime.ConvertDateTime("", value), value)


class XmlProvider+Link2 : FDR.BaseTypes.XmlElement
    new : type:string -> href:string -> rel:string -> XmlProvider+Link2
    let this = type
    let type = href
    let href = rel
    XmlRuntime.CreateRecord("{http://www.w3.org/2005/Atom}link", 
                            [| ("type",
                                (this :> obj))
                               ("href",
                                (type :> obj))
                               ("rel",
                                (href :> obj)) |], 
                            [| |], "")

    new : xElement:System.Xml.Linq.XElement -> XmlProvider+Link2
    let this = xElement
    XmlElement.Create(this)

    member Href: string with get
    let this = this
    let value = XmlRuntime.TryGetAttribute(this, "href")
    TextRuntime.GetNonOptionalValue("Attribute href", TextRuntime.ConvertString(value), value)

    member Rel: string with get
    let this = this
    let value = XmlRuntime.TryGetAttribute(this, "rel")
    TextRuntime.GetNonOptionalValue("Attribute rel", TextRuntime.ConvertString(value), value)

    member Type: string with get
    let this = this
    let value = XmlRuntime.TryGetAttribute(this, "type")
    TextRuntime.GetNonOptionalValue("Attribute type", TextRuntime.ConvertString(value), value)


class XmlProvider+Author : FDR.BaseTypes.XmlElement
    new : name:string -> uri:string -> XmlProvider+Author
    let this = name
    let name = uri
    XmlRuntime.CreateRecord("{http://www.w3.org/2005/Atom}author", 
                            [| |], 
                            [| ("{http://www.w3.org/2005/Atom}name",
                                (this :> obj))
                               ("{http://www.w3.org/2005/Atom}uri",
                                (name :> obj)) |], "")

    new : xElement:System.Xml.Linq.XElement -> XmlProvider+Author
    let this = xElement
    XmlElement.Create(this)

    member Name: string with get
    let this = this
    let value = XmlRuntime.TryGetValue(XmlRuntime.GetChild(this, "{http://www.w3.org/2005/Atom}name"))
    TextRuntime.GetNonOptionalValue("Value", TextRuntime.ConvertString(value), value)

    member Uri: string with get
    let this = this
    let value = XmlRuntime.TryGetValue(XmlRuntime.GetChild(this, "{http://www.w3.org/2005/Atom}uri"))
    TextRuntime.GetNonOptionalValue("Value", TextRuntime.ConvertString(value), value)


class XmlProvider+Content : FDR.BaseTypes.XmlElement
    new : type:string -> value:string -> XmlProvider+Content
    let this = type
    let type = value
    XmlRuntime.CreateRecord("{http://www.w3.org/2005/Atom}content", 
                            [| ("type",
                                (this :> obj)) |], 
                            [| ("",
                                (type :> obj)) |], "")

    new : xElement:System.Xml.Linq.XElement -> XmlProvider+Content
    let this = xElement
    XmlElement.Create(this)

    member Type: string with get
    let this = this
    let value = XmlRuntime.TryGetAttribute(this, "type")
    TextRuntime.GetNonOptionalValue("Attribute type", TextRuntime.ConvertString(value), value)

    member Value: string with get
    let this = this
    let value = XmlRuntime.TryGetValue(this)
    TextRuntime.GetNonOptionalValue("Value", TextRuntime.ConvertString(value), value)


class XmlProvider+Geo : FDR.BaseTypes.XmlElement
    new : () -> XmlProvider+Geo
    XmlRuntime.CreateRecord("{http://api.twitter.com/}geo", 
                            [| |], 
                            [| |], "")

    new : xElement:System.Xml.Linq.XElement -> XmlProvider+Geo
    let this = xElement
    XmlElement.Create(this)


class XmlProvider+Link : FDR.BaseTypes.XmlElement
    new : type:string -> href:string -> rel:string -> XmlProvider+Link
    let this = type
    let type = href
    let href = rel
    XmlRuntime.CreateRecord("{http://www.w3.org/2005/Atom}link", 
                            [| ("type",
                                (this :> obj))
                               ("href",
                                (type :> obj))
                               ("rel",
                                (href :> obj)) |], 
                            [| |], "")

    new : xElement:System.Xml.Linq.XElement -> XmlProvider+Link
    let this = xElement
    XmlElement.Create(this)

    member Href: string with get
    let this = this
    let value = XmlRuntime.TryGetAttribute(this, "href")
    TextRuntime.GetNonOptionalValue("Attribute href", TextRuntime.ConvertString(value), value)

    member Rel: string with get
    let this = this
    let value = XmlRuntime.TryGetAttribute(this, "rel")
    TextRuntime.GetNonOptionalValue("Attribute rel", TextRuntime.ConvertString(value), value)

    member Type: string with get
    let this = this
    let value = XmlRuntime.TryGetAttribute(this, "type")
    TextRuntime.GetNonOptionalValue("Attribute type", TextRuntime.ConvertString(value), value)


class XmlProvider+Metadata : FDR.BaseTypes.XmlElement
    new : resultType:string -> XmlProvider+Metadata
    let this = resultType
    XmlRuntime.CreateRecord("{http://api.twitter.com/}metadata", 
                            [| |], 
                            [| ("{http://api.twitter.com/}result_type",
                                (this :> obj)) |], "")

    new : xElement:System.Xml.Linq.XElement -> XmlProvider+Metadata
    let this = xElement
    XmlElement.Create(this)

    member ResultType: string with get
    let this = this
    let value = XmlRuntime.TryGetValue(XmlRuntime.GetChild(this, "{http://api.twitter.com/}result_type"))
    TextRuntime.GetNonOptionalValue("Value", TextRuntime.ConvertString(value), value)


