class XmlProvider : obj
    static member AsyncGetSamples: () -> XmlProvider+PropertyBag[] async
    let f = new Func<_,_>(fun (t:TextReader) -> XmlElement.CreateList(t))
    TextRuntime.AsyncMap((IO.asyncReadTextAtRuntimeWithDesignTimeRules "<RESOLUTION_FOLDER>" "" "XML" "" "JsonInXml.xml"), f)

    static member AsyncLoad: uri:string -> XmlProvider+PropertyBag async
    let uri = uri
    let f = new Func<_,_>(fun (t:TextReader) -> XmlElement.Create(t))
    TextRuntime.AsyncMap((IO.asyncReadTextAtRuntime false "<RESOLUTION_FOLDER>" "" "XML" "" uri), f)

    static member GetSamples: () -> XmlProvider+PropertyBag[]
    XmlElement.CreateList(FSharpAsync.RunSynchronously((IO.asyncReadTextAtRuntimeWithDesignTimeRules "<RESOLUTION_FOLDER>" "" "XML" "" "JsonInXml.xml")))

    static member Load: stream:System.IO.Stream -> XmlProvider+PropertyBag
    let stream = stream
    XmlElement.Create(((new StreamReader(stream)) :> TextReader))

    static member Load: reader:System.IO.TextReader -> XmlProvider+PropertyBag
    let reader = reader
    XmlElement.Create(reader)

    static member Load: uri:string -> XmlProvider+PropertyBag
    let uri = uri
    XmlElement.Create(FSharpAsync.RunSynchronously((IO.asyncReadTextAtRuntime false "<RESOLUTION_FOLDER>" "" "XML" "" uri)))

    static member Parse: text:string -> XmlProvider+PropertyBag
    let text = text
    XmlElement.Create(((new StringReader(text)) :> TextReader))


class XmlProvider+PropertyBag : FDR.BaseTypes.XmlElement
    new : blahData:XmlProvider+BlahData -> XmlProvider+PropertyBag
    let this = blahData
    XmlRuntime.CreateRecord("PropertyBag", 
                            [| |], 
                            [| ("BlahDataArray|BlahData",
                                (this :> obj)) |], "")

    new : xElement:System.Xml.Linq.XElement -> XmlProvider+PropertyBag
    let this = xElement
    XmlElement.Create(this)

    member BlahData: XmlProvider+BlahData with get
    let this = this
    XmlRuntime.GetChild(this, "BlahDataArray|BlahData")


class XmlProvider+BlahData : FDR.BaseTypes.XmlElement
    new : x:XmlProvider+X[] -> blahDataSomethingFoos:XmlProvider+BlahDataSomethingFoo[] -> blahDataSomethingFoo2:XmlProvider+BlahDataSomethingFoo2 -> blahDataSomethingFoo3:XmlProvider+BlahDataSomethingFoo4 -> blahDataSomethingFoo4:XmlProvider+BlahDataSomethingFoo3 option -> XmlProvider+BlahData
    let this = x
    let x = blahDataSomethingFoos
    let blahDataSomethingFoos = blahDataSomethingFoo2
    let blahDataSomethingFoo2 = blahDataSomethingFoo3
    let blahDataSomethingFoo3 = blahDataSomethingFoo4
    XmlRuntime.CreateRecord("BlahData", 
                            [| |], 
                            [| ("X",
                                (this :> obj))
                               ("BlahDataSomethingFoo",
                                (x :> obj))
                               ("BlahDataSomethingFoo2",
                                (blahDataSomethingFoos :> obj))
                               ("BlahDataSomethingFoo3",
                                (blahDataSomethingFoo2 :> obj))
                               ("BlahDataSomethingFoo4",
                                (blahDataSomethingFoo3 :> obj)) |], "")

    new : xElement:System.Xml.Linq.XElement -> XmlProvider+BlahData
    let this = xElement
    XmlElement.Create(this)

    member BlahDataSomethingFoo2: XmlProvider+BlahDataSomethingFoo2 with get
    let this = this
    XmlRuntime.GetChild(this, "BlahDataSomethingFoo2")

    member BlahDataSomethingFoo3: XmlProvider+BlahDataSomethingFoo4 with get
    let this = this
    XmlRuntime.GetChild(this, "BlahDataSomethingFoo3")

    member BlahDataSomethingFoo4: XmlProvider+BlahDataSomethingFoo3 option with get
    let this = this
    XmlRuntime.ConvertOptional(this, "BlahDataSomethingFoo4", new Func<_,_>(fun (t:XmlElement) -> XmlRuntime.GetJsonValue(t, "")))

    member BlahDataSomethingFoos: XmlProvider+BlahDataSomethingFoo[] with get
    let this = this
    XmlRuntime.ConvertArray(this, "BlahDataSomethingFoo", new Func<_,_>(fun (t:XmlElement) -> XmlRuntime.GetJsonValue(t, "")))

    member X: XmlProvider+X[] with get
    let this = this
    JsonRuntime.ConvertArray(XmlRuntime.GetJsonValue(XmlRuntime.GetChild(this, "X"), ""), new Func<_,_>(id)))


class XmlProvider+BlahDataSomethingFoo : FDR.BaseTypes.IJsonDocument
    new : somethingSchema:string -> results:XmlProvider+Results -> XmlProvider+BlahDataSomethingFoo
    let this = somethingSchema
    let somethingSchema = results
    JsonRuntime.CreateRecord([| ("Something.Schema",
                                 (this :> obj))
                                ("results",
                                 (somethingSchema :> obj)) |], "")

    new : jsonValue:JsonValue -> XmlProvider+BlahDataSomethingFoo
    let this = jsonValue
    JsonDocument.Create(this, "")

    member Results: XmlProvider+Results with get
    let this = this
    JsonRuntime.GetPropertyPacked(this, "results")

    member SomethingSchema: string with get
    let this = this
    let value = JsonRuntime.TryGetPropertyUnpackedWithPath(this, "Something.Schema")
    JsonRuntime.GetNonOptionalValue(value.Path, JsonRuntime.ConvertString("", value.JsonOpt), value.JsonOpt)


class XmlProvider+BlahDataSomethingFoo2 : FDR.BaseTypes.XmlElement
    new : number:int -> XmlProvider+BlahDataSomethingFoo2
    let this = number
    XmlRuntime.CreateRecord("BlahDataSomethingFoo2", 
                            [| |], 
                            [| ("",
                                (this :> obj)) |], "")

    new : json:XmlProvider+BlahDataSomethingFoo3 -> XmlProvider+BlahDataSomethingFoo2
    let this = json
    XmlRuntime.CreateRecord("BlahDataSomethingFoo2", 
                            [| |], 
                            [| ("",
                                (this :> obj)) |], "")

    new : xElement:System.Xml.Linq.XElement -> XmlProvider+BlahDataSomethingFoo2
    let this = xElement
    XmlElement.Create(this)

    member Json: XmlProvider+BlahDataSomethingFoo3 option with get
    let this = this
    XmlRuntime.TryGetJsonValue(this, "")

    member Number: int option with get
    let this = this
    TextRuntime.ConvertInteger("", XmlRuntime.TryGetValue(this))


class XmlProvider+BlahDataSomethingFoo3 : FDR.BaseTypes.IJsonDocument
    new : somethingSchema:string -> results:XmlProvider+Results2 -> XmlProvider+BlahDataSomethingFoo3
    let this = somethingSchema
    let somethingSchema = results
    JsonRuntime.CreateRecord([| ("Something.Schema",
                                 (this :> obj))
                                ("results",
                                 (somethingSchema :> obj)) |], "")

    new : jsonValue:JsonValue -> XmlProvider+BlahDataSomethingFoo3
    let this = jsonValue
    JsonDocument.Create(this, "")

    member Results: XmlProvider+Results2 with get
    let this = this
    JsonRuntime.GetPropertyPacked(this, "results")

    member SomethingSchema: string with get
    let this = this
    let value = JsonRuntime.TryGetPropertyUnpackedWithPath(this, "Something.Schema")
    JsonRuntime.GetNonOptionalValue(value.Path, JsonRuntime.ConvertString("", value.JsonOpt), value.JsonOpt)


class XmlProvider+BlahDataSomethingFoo4 : FDR.BaseTypes.XmlElement
    new : size:int -> value:XmlProvider+BlahDataSomethingFoo3 -> XmlProvider+BlahDataSomethingFoo4
    let this = size
    let size = value
    XmlRuntime.CreateRecord("BlahDataSomethingFoo3", 
                            [| ("size",
                                (this :> obj)) |], 
                            [| ("",
                                (size :> obj)) |], "")

    new : xElement:System.Xml.Linq.XElement -> XmlProvider+BlahDataSomethingFoo4
    let this = xElement
    XmlElement.Create(this)

    member Size: int with get
    let this = this
    let value = XmlRuntime.TryGetAttribute(this, "size")
    TextRuntime.GetNonOptionalValue("Attribute size", TextRuntime.ConvertInteger("", value), value)

    member Value: XmlProvider+BlahDataSomethingFoo3 with get
    let this = this
    XmlRuntime.GetJsonValue(this, "")


class XmlProvider+X : FDR.BaseTypes.IJsonDocument
    new : t:int -> val:string -> XmlProvider+X
    let this = t
    let t = val
    JsonRuntime.CreateRecord([| ("T",
                                 (this :> obj))
                                ("Val",
                                 (t :> obj)) |], "")

    new : jsonValue:JsonValue -> XmlProvider+X
    let this = jsonValue
    JsonDocument.Create(this, "")

    member T: int with get
    let this = this
    let value = JsonRuntime.TryGetPropertyUnpackedWithPath(this, "T")
    JsonRuntime.GetNonOptionalValue(value.Path, JsonRuntime.ConvertInteger("", value.JsonOpt), value.JsonOpt)

    member Val: string with get
    let this = this
    let value = JsonRuntime.TryGetPropertyUnpackedWithPath(this, "Val")
    JsonRuntime.GetNonOptionalValue(value.Path, JsonRuntime.ConvertString("", value.JsonOpt), value.JsonOpt)


class XmlProvider+Results : FDR.BaseTypes.IJsonDocument
    new : somethingSchema:string -> query:string option -> XmlProvider+Results
    let this = somethingSchema
    let somethingSchema = query
    JsonRuntime.CreateRecord([| ("Something.Schema",
                                 (this :> obj))
                                ("Query",
                                 (somethingSchema :> obj)) |], "")

    new : jsonValue:JsonValue -> XmlProvider+Results
    let this = jsonValue
    JsonDocument.Create(this, "")

    member Query: string option with get
    let this = this
    JsonRuntime.ConvertString("", JsonRuntime.TryGetPropertyUnpacked(this, "Query"))

    member SomethingSchema: string with get
    let this = this
    let value = JsonRuntime.TryGetPropertyUnpackedWithPath(this, "Something.Schema")
    JsonRuntime.GetNonOptionalValue(value.Path, JsonRuntime.ConvertString("", value.JsonOpt), value.JsonOpt)


class XmlProvider+Results2 : FDR.BaseTypes.IJsonDocument
    new : somethingSchema:string -> query:string -> XmlProvider+Results2
    let this = somethingSchema
    let somethingSchema = query
    JsonRuntime.CreateRecord([| ("Something.Schema",
                                 (this :> obj))
                                ("Query",
                                 (somethingSchema :> obj)) |], "")

    new : jsonValue:JsonValue -> XmlProvider+Results2
    let this = jsonValue
    JsonDocument.Create(this, "")

    member Query: string with get
    let this = this
    let value = JsonRuntime.TryGetPropertyUnpackedWithPath(this, "Query")
    JsonRuntime.GetNonOptionalValue(value.Path, JsonRuntime.ConvertString("", value.JsonOpt), value.JsonOpt)

    member SomethingSchema: string with get
    let this = this
    let value = JsonRuntime.TryGetPropertyUnpackedWithPath(this, "Something.Schema")
    JsonRuntime.GetNonOptionalValue(value.Path, JsonRuntime.ConvertString("", value.JsonOpt), value.JsonOpt)


