class XmlProvider : obj
    static member AsyncGetSample: () -> XmlProvider+Div async
    let f = new Func<_,_>(fun (t:TextReader) -> XmlElement.Create(t))
    TextRuntime.AsyncMap((IO.asyncReadTextAtRuntimeWithDesignTimeRules "<RESOLUTION_FOLDER>" "" "XML" "" "HtmlBody.xml"), f)

    static member AsyncLoad: uri:string -> XmlProvider+Div async
    let uri = uri
    let f = new Func<_,_>(fun (t:TextReader) -> XmlElement.Create(t))
    TextRuntime.AsyncMap((IO.asyncReadTextAtRuntime false "<RESOLUTION_FOLDER>" "" "XML" "" uri), f)

    static member GetSample: () -> XmlProvider+Div
    XmlElement.Create(FSharpAsync.RunSynchronously((IO.asyncReadTextAtRuntimeWithDesignTimeRules "<RESOLUTION_FOLDER>" "" "XML" "" "HtmlBody.xml")))

    static member Load: stream:System.IO.Stream -> XmlProvider+Div
    let stream = stream
    XmlElement.Create(((new StreamReader(stream)) :> TextReader))

    static member Load: reader:System.IO.TextReader -> XmlProvider+Div
    let reader = reader
    XmlElement.Create(reader)

    static member Load: uri:string -> XmlProvider+Div
    let uri = uri
    XmlElement.Create(FSharpAsync.RunSynchronously((IO.asyncReadTextAtRuntime false "<RESOLUTION_FOLDER>" "" "XML" "" uri)))

    static member Parse: text:string -> XmlProvider+Div
    let text = text
    XmlElement.Create(((new StringReader(text)) :> TextReader))


class XmlProvider+Div : FDR.BaseTypes.XmlElement
    new : id:string -> span:string -> divs:XmlProvider+Div2[] -> XmlProvider+Div
    let this = id
    let id = span
    let span = divs
    XmlRuntime.CreateRecord("div", 
                            [| ("id",
                                (this :> obj)) |], 
                            [| ("span",
                                (id :> obj))
                               ("div",
                                (span :> obj)) |], "")

    new : xElement:System.Xml.Linq.XElement -> XmlProvider+Div
    let this = xElement
    XmlElement.Create(this)

    member Divs: XmlProvider+Div2[] with get
    let this = this
    XmlRuntime.ConvertArray(this, "div", new Func<_,_>(id)))

    member Id: string with get
    let this = this
    let value = XmlRuntime.TryGetAttribute(this, "id")
    TextRuntime.GetNonOptionalValue("Attribute id", TextRuntime.ConvertString(value), value)

    member Span: string with get
    let this = this
    let value = XmlRuntime.TryGetValue(XmlRuntime.GetChild(this, "span"))
    TextRuntime.GetNonOptionalValue("Value", TextRuntime.ConvertString(value), value)


class XmlProvider+Div2 : FDR.BaseTypes.XmlElement
    new : id:string -> spans:string[] -> div:string option -> XmlProvider+Div2
    let this = id
    let id = spans
    let spans = div
    XmlRuntime.CreateRecord("div", 
                            [| ("id",
                                (this :> obj)) |], 
                            [| ("span",
                                (id :> obj))
                               ("div",
                                (spans :> obj)) |], "")

    new : xElement:System.Xml.Linq.XElement -> XmlProvider+Div2
    let this = xElement
    XmlElement.Create(this)

    member Div: string option with get
    let this = this
    XmlRuntime.ConvertOptional(this, "div", new Func<_,_>(fun (t:XmlElement) -> 
                                                             let value = XmlRuntime.TryGetValue(t)
                                                             TextRuntime.GetNonOptionalValue("Value", TextRuntime.ConvertString(value), value)))

    member Id: string with get
    let this = this
    let value = XmlRuntime.TryGetAttribute(this, "id")
    TextRuntime.GetNonOptionalValue("Attribute id", TextRuntime.ConvertString(value), value)

    member Spans: string[] with get
    let this = this
    XmlRuntime.ConvertArray(this, "span", new Func<_,_>(fun (t:XmlElement) -> 
                                                           let value = XmlRuntime.TryGetValue(t)
                                                           TextRuntime.GetNonOptionalValue("Value", TextRuntime.ConvertString(value), value)))


