class XmlProvider : obj
    static member AsyncGetSample: () -> XmlProvider+Rss async
    let f = new Func<_,_>(fun (t:TextReader) -> XmlElement.Create(t))
    TextRuntime.AsyncMap((IO.asyncReadTextAtRuntimeWithDesignTimeRules "<RESOLUTION_FOLDER>" "" "XML" "" "http://tomasp.net/blog/rss.aspx"), f)

    static member AsyncLoad: uri:string -> XmlProvider+Rss async
    let uri = uri
    let f = new Func<_,_>(fun (t:TextReader) -> XmlElement.Create(t))
    TextRuntime.AsyncMap((IO.asyncReadTextAtRuntime false "<RESOLUTION_FOLDER>" "" "XML" "" uri), f)

    static member GetSample: () -> XmlProvider+Rss
    XmlElement.Create(FSharpAsync.RunSynchronously((IO.asyncReadTextAtRuntimeWithDesignTimeRules "<RESOLUTION_FOLDER>" "" "XML" "" "http://tomasp.net/blog/rss.aspx")))

    static member Load: stream:System.IO.Stream -> XmlProvider+Rss
    let stream = stream
    XmlElement.Create(((new StreamReader(stream)) :> TextReader))

    static member Load: reader:System.IO.TextReader -> XmlProvider+Rss
    let reader = reader
    XmlElement.Create(reader)

    static member Load: uri:string -> XmlProvider+Rss
    let uri = uri
    XmlElement.Create(FSharpAsync.RunSynchronously((IO.asyncReadTextAtRuntime false "<RESOLUTION_FOLDER>" "" "XML" "" uri)))

    static member Parse: text:string -> XmlProvider+Rss
    let text = text
    XmlElement.Create(((new StringReader(text)) :> TextReader))


class XmlProvider+Rss : FDR.BaseTypes.XmlElement
    new : version:decimal -> channel:XmlProvider+Channel -> XmlProvider+Rss
    let this = version
    let version = channel
    XmlRuntime.CreateRecord("rss", 
                            [| ("version",
                                (this :> obj)) |], 
                            [| ("channel",
                                (version :> obj)) |], "")

    new : xElement:System.Xml.Linq.XElement -> XmlProvider+Rss
    let this = xElement
    XmlElement.Create(this)

    member Channel: XmlProvider+Channel with get
    let this = this
    XmlRuntime.GetChild(this, "channel")

    member Version: decimal with get
    let this = this
    let value = XmlRuntime.TryGetAttribute(this, "version")
    TextRuntime.GetNonOptionalValue("Attribute version", TextRuntime.ConvertDecimal("", value), value)


class XmlProvider+Channel : FDR.BaseTypes.XmlElement
    new : title:string -> link:string -> description:string -> copyright:string -> items:XmlProvider+Item[] -> XmlProvider+Channel
    let this = title
    let title = link
    let link = description
    let description = copyright
    let copyright = items
    XmlRuntime.CreateRecord("channel", 
                            [| |], 
                            [| ("title",
                                (this :> obj))
                               ("link",
                                (title :> obj))
                               ("description",
                                (link :> obj))
                               ("copyright",
                                (description :> obj))
                               ("item",
                                (copyright :> obj)) |], "")

    new : xElement:System.Xml.Linq.XElement -> XmlProvider+Channel
    let this = xElement
    XmlElement.Create(this)

    member Copyright: string with get
    let this = this
    let value = XmlRuntime.TryGetValue(XmlRuntime.GetChild(this, "copyright"))
    TextRuntime.GetNonOptionalValue("Value", TextRuntime.ConvertString(value), value)

    member Description: string with get
    let this = this
    let value = XmlRuntime.TryGetValue(XmlRuntime.GetChild(this, "description"))
    TextRuntime.GetNonOptionalValue("Value", TextRuntime.ConvertString(value), value)

    member Items: XmlProvider+Item[] with get
    let this = this
    XmlRuntime.ConvertArray(this, "item", new Func<_,_>(id)))

    member Link: string with get
    let this = this
    let value = XmlRuntime.TryGetValue(XmlRuntime.GetChild(this, "link"))
    TextRuntime.GetNonOptionalValue("Value", TextRuntime.ConvertString(value), value)

    member Title: string with get
    let this = this
    let value = XmlRuntime.TryGetValue(XmlRuntime.GetChild(this, "title"))
    TextRuntime.GetNonOptionalValue("Value", TextRuntime.ConvertString(value), value)


class XmlProvider+Item : FDR.BaseTypes.XmlElement
    new : title:string -> link:string -> pubDate:System.DateTime -> description:string -> summary:string option -> creator:string option -> XmlProvider+Item
    let this = title
    let title = link
    let link = pubDate
    let pubDate = description
    let description = summary
    let summary = creator
    XmlRuntime.CreateRecord("item", 
                            [| |], 
                            [| ("title",
                                (this :> obj))
                               ("link",
                                (title :> obj))
                               ("pubDate",
                                (link :> obj))
                               ("description",
                                (pubDate :> obj))
                               ("{http://tomasp.net/rss/extensions}summary",
                                (description :> obj))
                               ("{http://dublincore.org/documents/dcmi-namespace/}creator",
                                (summary :> obj)) |], "")

    new : xElement:System.Xml.Linq.XElement -> XmlProvider+Item
    let this = xElement
    XmlElement.Create(this)

    member Creator: string option with get
    let this = this
    XmlRuntime.ConvertOptional(this, "{http://dublincore.org/documents/dcmi-namespace/}creator", new Func<_,_>(fun (t:XmlElement) -> 
                                                                                                                  let value = XmlRuntime.TryGetValue(t)
                                                                                                                  TextRuntime.GetNonOptionalValue("Value", TextRuntime.ConvertString(value), value)))

    member Description: string with get
    let this = this
    let value = XmlRuntime.TryGetValue(XmlRuntime.GetChild(this, "description"))
    TextRuntime.GetNonOptionalValue("Value", TextRuntime.ConvertString(value), value)

    member Link: string with get
    let this = this
    let value = XmlRuntime.TryGetValue(XmlRuntime.GetChild(this, "link"))
    TextRuntime.GetNonOptionalValue("Value", TextRuntime.ConvertString(value), value)

    member PubDate: System.DateTime with get
    let this = this
    let value = XmlRuntime.TryGetValue(XmlRuntime.GetChild(this, "pubDate"))
    TextRuntime.GetNonOptionalValue("Value", TextRuntime.ConvertDateTime("", value), value)

    member Summary: string option with get
    let this = this
    XmlRuntime.ConvertOptional(this, "{http://tomasp.net/rss/extensions}summary", new Func<_,_>(fun (t:XmlElement) -> 
                                                                                                   let value = XmlRuntime.TryGetValue(t)
                                                                                                   TextRuntime.GetNonOptionalValue("Value", TextRuntime.ConvertString(value), value)))

    member Title: string with get
    let this = this
    let value = XmlRuntime.TryGetValue(XmlRuntime.GetChild(this, "title"))
    TextRuntime.GetNonOptionalValue("Value", TextRuntime.ConvertString(value), value)


