class XmlProvider : obj
    static member AsyncGetSample: () -> XmlProvider+Xs async
    let f = new Func<_,_>(fun (t:TextReader) -> XmlElement.Create(t))
    TextRuntime.AsyncMap((IO.asyncReadTextAtRuntimeWithDesignTimeRules "<RESOLUTION_FOLDER>" "" "XML" "" "TypeInference.xml"), f)

    static member AsyncLoad: uri:string -> XmlProvider+Xs async
    let uri = uri
    let f = new Func<_,_>(fun (t:TextReader) -> XmlElement.Create(t))
    TextRuntime.AsyncMap((IO.asyncReadTextAtRuntime false "<RESOLUTION_FOLDER>" "" "XML" "" uri), f)

    static member GetSample: () -> XmlProvider+Xs
    XmlElement.Create(FSharpAsync.RunSynchronously((IO.asyncReadTextAtRuntimeWithDesignTimeRules "<RESOLUTION_FOLDER>" "" "XML" "" "TypeInference.xml")))

    static member Load: stream:System.IO.Stream -> XmlProvider+Xs
    let stream = stream
    XmlElement.Create(((new StreamReader(stream)) :> TextReader))

    static member Load: reader:System.IO.TextReader -> XmlProvider+Xs
    let reader = reader
    XmlElement.Create(reader)

    static member Load: uri:string -> XmlProvider+Xs
    let uri = uri
    XmlElement.Create(FSharpAsync.RunSynchronously((IO.asyncReadTextAtRuntime false "<RESOLUTION_FOLDER>" "" "XML" "" uri)))

    static member Parse: text:string -> XmlProvider+Xs
    let text = text
    XmlElement.Create(((new StringReader(text)) :> TextReader))


class XmlProvider+Xs : FDR.BaseTypes.XmlElement
    new : xs:XmlProvider+X[] -> XmlProvider+Xs
    let this = xs
    XmlRuntime.CreateRecord("XS", 
                            [| |], 
                            [| ("X",
                                (this :> obj)) |], "")

    new : xElement:System.Xml.Linq.XElement -> XmlProvider+Xs
    let this = xElement
    XmlElement.Create(this)

    member Xs: XmlProvider+X[] with get
    let this = this
    XmlRuntime.ConvertArray(this, "X", new Func<_,_>(id)))


class XmlProvider+X : FDR.BaseTypes.XmlElement
    new : intLike:int -> boolLike:bool -> jsonLike:XmlProvider+JsonLike -> XmlProvider+X
    let this = intLike
    let intLike = boolLike
    let boolLike = jsonLike
    XmlRuntime.CreateRecord("X", 
                            [| ("intLike",
                                (this :> obj)) |], 
                            [| ("boolLike",
                                (intLike :> obj))
                               ("jsonLike",
                                (boolLike :> obj)) |], "")

    new : xElement:System.Xml.Linq.XElement -> XmlProvider+X
    let this = xElement
    XmlElement.Create(this)

    member BoolLike: bool with get
    let this = this
    let value = XmlRuntime.TryGetValue(XmlRuntime.GetChild(this, "boolLike"))
    TextRuntime.GetNonOptionalValue("Value", TextRuntime.ConvertBoolean(value), value)

    member IntLike: int with get
    let this = this
    let value = XmlRuntime.TryGetAttribute(this, "intLike")
    TextRuntime.GetNonOptionalValue("Attribute intLike", TextRuntime.ConvertInteger("", value), value)

    member JsonLike: XmlProvider+JsonLike with get
    let this = this
    XmlRuntime.GetJsonValue(XmlRuntime.GetChild(this, "jsonLike"), "")


class XmlProvider+JsonLike : FDR.BaseTypes.IJsonDocument
    new : a:int -> XmlProvider+JsonLike
    let this = a
    JsonRuntime.CreateRecord([| ("a",
                                 (this :> obj)) |], "")

    new : jsonValue:JsonValue -> XmlProvider+JsonLike
    let this = jsonValue
    JsonDocument.Create(this, "")

    member A: int with get
    let this = this
    let value = JsonRuntime.TryGetPropertyUnpackedWithPath(this, "a")
    JsonRuntime.GetNonOptionalValue(value.Path, JsonRuntime.ConvertInteger("", value.JsonOpt), value.JsonOpt)


