class XmlProvider : obj
    static member AsyncGetSamples: () -> XmlProvider+Child[] async
    let f = new Func<_,_>(fun (t:TextReader) -> XmlElement.CreateList(t))
    TextRuntime.AsyncMap((IO.asyncReadTextAtRuntimeWithDesignTimeRules "<RESOLUTION_FOLDER>" "" "XML" "" "missingInnerValue.xml"), f)

    static member AsyncLoad: uri:string -> XmlProvider+Child async
    let uri = uri
    let f = new Func<_,_>(fun (t:TextReader) -> XmlElement.Create(t))
    TextRuntime.AsyncMap((IO.asyncReadTextAtRuntime false "<RESOLUTION_FOLDER>" "" "XML" "" uri), f)

    static member GetSamples: () -> XmlProvider+Child[]
    XmlElement.CreateList(FSharpAsync.RunSynchronously((IO.asyncReadTextAtRuntimeWithDesignTimeRules "<RESOLUTION_FOLDER>" "" "XML" "" "missingInnerValue.xml")))

    static member Load: stream:System.IO.Stream -> XmlProvider+Child
    let stream = stream
    XmlElement.Create(((new StreamReader(stream)) :> TextReader))

    static member Load: reader:System.IO.TextReader -> XmlProvider+Child
    let reader = reader
    XmlElement.Create(reader)

    static member Load: uri:string -> XmlProvider+Child
    let uri = uri
    XmlElement.Create(FSharpAsync.RunSynchronously((IO.asyncReadTextAtRuntime false "<RESOLUTION_FOLDER>" "" "XML" "" uri)))

    static member Parse: text:string -> XmlProvider+Child
    let text = text
    XmlElement.Create(((new StringReader(text)) :> TextReader))


class XmlProvider+Child : FDR.BaseTypes.XmlElement
    new : a:int option -> b:string option -> inner:XmlProvider+Inner option -> XmlProvider+Child
    let this = a
    let a = b
    let b = inner
    XmlRuntime.CreateRecord("child", 
                            [| ("a",
                                (this :> obj))
                               ("b",
                                (a :> obj)) |], 
                            [| ("inner",
                                (b :> obj)) |], "")

    new : xElement:System.Xml.Linq.XElement -> XmlProvider+Child
    let this = xElement
    XmlElement.Create(this)

    member A: int option with get
    let this = this
    TextRuntime.ConvertInteger("", XmlRuntime.TryGetAttribute(this, "a"))

    member B: string option with get
    let this = this
    TextRuntime.ConvertString(XmlRuntime.TryGetAttribute(this, "b"))

    member Inner: XmlProvider+Inner option with get
    let this = this
    XmlRuntime.ConvertOptional(this, "inner", new Func<_,_>(id)))


class XmlProvider+Inner : FDR.BaseTypes.XmlElement
    new : c:string -> XmlProvider+Inner
    let this = c
    XmlRuntime.CreateRecord("inner", 
                            [| ("c",
                                (this :> obj)) |], 
                            [| |], "")

    new : xElement:System.Xml.Linq.XElement -> XmlProvider+Inner
    let this = xElement
    XmlElement.Create(this)

    member C: string with get
    let this = this
    let value = XmlRuntime.TryGetAttribute(this, "c")
    TextRuntime.GetNonOptionalValue("Attribute c", TextRuntime.ConvertString(value), value)


