class XsdProvider
    static member AsyncGetSample: () -> XsdProvider+Schema async
    let f = new Func<_,_>(fun (t:TextReader) -> XmlElement.Create(t))
    TextRuntime.AsyncMap((IO.asyncReadTextAtRuntimeWithDesignTimeRules @"<RESOLUTION_FOLDER>" @"<RESOLUTION_FOLDER>" "XSD" "Schema.xsd"), f)

    static member AsyncLoad: uri:string -> XsdProvider+Schema async
    let f = new Func<_,_>(fun (t:TextReader) -> XmlElement.Create(t))
    TextRuntime.AsyncMap((IO.asyncReadTextAtRuntime false @"<RESOLUTION_FOLDER>" @"<RESOLUTION_FOLDER>" "XSD" uri), f)

    static member GetSample: () -> XsdProvider+Schema
    XmlElement.Create(FSharpAsync.RunSynchronously((IO.asyncReadTextAtRuntimeWithDesignTimeRules @"<RESOLUTION_FOLDER>" @"<RESOLUTION_FOLDER>" "XSD" "Schema.xsd")))

    static member Load: stream:System.IO.Stream -> XsdProvider+Schema
    XmlElement.Create(((new StreamReader(stream)) :> TextReader))

    static member Load: reader:System.IO.TextReader -> XsdProvider+Schema
    XmlElement.Create(reader)

    static member Load: uri:string -> XsdProvider+Schema
    XmlElement.Create(FSharpAsync.RunSynchronously((IO.asyncReadTextAtRuntime false @"<RESOLUTION_FOLDER>" @"<RESOLUTION_FOLDER>" "XSD" uri)))

    static member Parse: text:string -> XsdProvider+Schema
    XmlElement.Create(((new StringReader(text)) :> TextReader))

    static member ParseBar: text:string -> XsdProvider+Bar
    XmlElement.Create(let t = text
                      let doc = XDocument.Parse(t)
                      let t = IfThenElse (Call (None, op_Equality,
                  [Call (Some (Call (Some (Call (Some (Call (Some (doc),
                                                             get_Root, [])),
                                                 get_Name, [])), get_LocalName,
                                     [])), ToLower, []), Value ("bar")]),
            Let (newRoot,
                 NewObject (XElement,
                            Call (Some (Call (Some (Call (Some (Call (Some (doc),
                                                                      get_Root,
                                                                      [])),
                                                          get_Name, [])),
                                              get_Namespace, [])), GetName,
                                  [Value ("root__")])),
                 Sequential (Call (Some (newRoot), Add,
                                   [Coerce (Call (Some (doc), get_Root, []),
                                            Object)]),
                             Let (newDoc,
                                  NewObject (XDocument,
                                             Call (Some (doc), get_Declaration,
                                                   []), NewArray (Object)),
                                  Sequential (Call (Some (newDoc), Add,
                                                    [Coerce (newRoot, Object)]),
                                              Call (Some (doc), ToString, []))))),
            t)
                      ((new StringReader(t)) :> TextReader))

    static member ParseFoo: text:string -> XsdProvider+Foo
    XmlElement.Create(let t = text
                      let doc = XDocument.Parse(t)
                      let t = IfThenElse (Call (None, op_Equality,
                  [Call (Some (Call (Some (Call (Some (Call (Some (doc),
                                                             get_Root, [])),
                                                 get_Name, [])), get_LocalName,
                                     [])), ToLower, []), Value ("foo")]),
            Let (newRoot,
                 NewObject (XElement,
                            Call (Some (Call (Some (Call (Some (Call (Some (doc),
                                                                      get_Root,
                                                                      [])),
                                                          get_Name, [])),
                                              get_Namespace, [])), GetName,
                                  [Value ("root__")])),
                 Sequential (Call (Some (newRoot), Add,
                                   [Coerce (Call (Some (doc), get_Root, []),
                                            Object)]),
                             Let (newDoc,
                                  NewObject (XDocument,
                                             Call (Some (doc), get_Declaration,
                                                   []), NewArray (Object)),
                                  Sequential (Call (Some (newDoc), Add,
                                                    [Coerce (newRoot, Object)]),
                                              Call (Some (doc), ToString, []))))),
            t)
                      ((new StringReader(t)) :> TextReader))

    static member ParseRoot: text:string -> XsdProvider+Root
    XmlElement.Create(let t = text
                      let doc = XDocument.Parse(t)
                      let t = IfThenElse (Call (None, op_Equality,
                  [Call (Some (Call (Some (Call (Some (Call (Some (doc),
                                                             get_Root, [])),
                                                 get_Name, [])), get_LocalName,
                                     [])), ToLower, []), Value ("root")]),
            Let (newRoot,
                 NewObject (XElement,
                            Call (Some (Call (Some (Call (Some (Call (Some (doc),
                                                                      get_Root,
                                                                      [])),
                                                          get_Name, [])),
                                              get_Namespace, [])), GetName,
                                  [Value ("root__")])),
                 Sequential (Call (Some (newRoot), Add,
                                   [Coerce (Call (Some (doc), get_Root, []),
                                            Object)]),
                             Let (newDoc,
                                  NewObject (XDocument,
                                             Call (Some (doc), get_Declaration,
                                                   []), NewArray (Object)),
                                  Sequential (Call (Some (newDoc), Add,
                                                    [Coerce (newRoot, Object)]),
                                              Call (Some (doc), ToString, []))))),
            t)
                      ((new StringReader(t)) :> TextReader))


class XsdProvider+Bar : FDR.XmlElement
    member Country: int option with get
    XmlRuntime.ConvertOptional(this, "country", new Func<_,_>(fun (t:XmlElement) -> 
                                                                 let value = XmlRuntime.TryGetValue(t)
                                                                 TextRuntime.GetNonOptionalValue("Value", TextRuntime.ConvertInteger("da-DK", value), value)))

    member Language: string option with get
    XmlRuntime.ConvertOptional(this, "language", new Func<_,_>(fun (t:XmlElement) -> 
                                                                  let value = XmlRuntime.TryGetValue(t)
                                                                  TextRuntime.GetNonOptionalValue("Value", TextRuntime.ConvertString(value), value)))

    member Snur: XsdProvider+Snur option with get
    XmlRuntime.ConvertOptional(this, "snur", new Func<_,_>(id)))


class XsdProvider+Foo : FDR.XmlElement
    member FooElem: bool with get
    let value = XmlRuntime.TryGetValue(XmlRuntime.GetChild(this, "fooElem"))
    TextRuntime.GetNonOptionalValue("Value", TextRuntime.ConvertBoolean("da-DK", value), value)

    member Iso639Code: string with get
    let value = XmlRuntime.TryGetValue(XmlRuntime.GetChild(this, "ISO639Code"))
    TextRuntime.GetNonOptionalValue("Value", TextRuntime.ConvertString(value), value)


class XsdProvider+Root : FDR.XmlElement
    member AnonymousTyped: XsdProvider+AnonymousTyped with get
    XmlRuntime.GetChild(this, "anonymousTyped")

    member Choices: XsdProvider+Bar[] with get
    XmlRuntime.ConvertArray(this, "choice", new Func<_,_>(id)))

    member Elem: string with get
    let value = XmlRuntime.TryGetValue(XmlRuntime.GetChild(this, "elem"))
    TextRuntime.GetNonOptionalValue("Value", TextRuntime.ConvertString(value), value)

    member Elem1: XsdProvider+Foo with get
    XmlRuntime.GetChild(this, "elem1")


class XsdProvider+Schema : FDR.XmlElement
    member Bar: XsdProvider+Bar with get
    XmlRuntime.GetChild(this, "{https://github.com/FSharp.Data/}bar")

    member Foo: XsdProvider+Foo with get
    XmlRuntime.GetChild(this, "{https://github.com/FSharp.Data/}foo")

    member Root: XsdProvider+Root with get
    XmlRuntime.GetChild(this, "{https://github.com/FSharp.Data/}root")


class XsdProvider+AnonymousTyped : FDR.XmlElement
    member Attr: string with get
    let value = XmlRuntime.TryGetAttribute(this, "attr")
    TextRuntime.GetNonOptionalValue("Attribute attr", TextRuntime.ConvertString(value), value)

    member Covert: bool with get
    let value = XmlRuntime.TryGetValue(XmlRuntime.GetChild(this, "covert"))
    TextRuntime.GetNonOptionalValue("Value", TextRuntime.ConvertBoolean("da-DK", value), value)

    member Windy: string with get
    let value = XmlRuntime.TryGetAttribute(this, "windy")
    TextRuntime.GetNonOptionalValue("Attribute windy", TextRuntime.ConvertString(value), value)


class XsdProvider+Snur : FDR.XmlElement
    member Baz: string with get
    let value = XmlRuntime.TryGetValue(XmlRuntime.GetChild(this, "baz"))
    TextRuntime.GetNonOptionalValue("Value", TextRuntime.ConvertString(value), value)


