class CsvProvider : FDR.CsvFile<CsvProvider+Row>
    static member AsyncGetSample: () -> CsvProvider async
    CsvFile<_>.AsyncCreateNonReentrant(new Func<_,_,_>(fun (parent:obj) (row:string[]) -> 
                                                          let value = TextConversions.AsOption(row.[0])
                                                          CommonRuntime.GetNonOptionalValue("Column1", CommonRuntime.ConvertString(value), value),
                                                          let value = TextConversions.AsOption(row.[1])
                                                          CommonRuntime.GetNonOptionalValue("Column2", CommonRuntime.ConvertDateTime("", value), value),
                                                          CommonRuntime.ConvertGuid(TextConversions.AsOption(row.[2])),
                                                          let value = TextConversions.AsOption(row.[3])
                                                          CommonRuntime.GetNonOptionalValue("Column4", CommonRuntime.ConvertString(value), value),
                                                          let value = TextConversions.AsOption(row.[4])
                                                          CommonRuntime.GetNonOptionalValue("Column5", CommonRuntime.ConvertString(value), value),
                                                          let value = TextConversions.AsOption(row.[5])
                                                          CommonRuntime.GetNonOptionalValue("Column6", CommonRuntime.ConvertString(value), value)), new Func<_,_>(fun (row:_ * _ * _ * _ * _ * _) -> 
                                                                                                                                                                     [| CommonRuntime.ConvertStringBack(CommonRuntime.GetOptionalValue((let t1,_,_,_,_,_ = row in t1)))
                                                                                                                                                                        CommonRuntime.ConvertDateTimeBack("", CommonRuntime.GetOptionalValue((let _,t2,_,_,_,_ = row in t2)))
                                                                                                                                                                        CommonRuntime.ConvertGuidBack((let _,_,t3,_,_,_ = row in t3))
                                                                                                                                                                        CommonRuntime.ConvertStringBack(CommonRuntime.GetOptionalValue((let _,_,_,t4,_,_ = row in t4)))
                                                                                                                                                                        CommonRuntime.ConvertStringBack(CommonRuntime.GetOptionalValue((let _,_,_,_,t5,_ = row in t5)))
                                                                                                                                                                        CommonRuntime.ConvertStringBack(CommonRuntime.GetOptionalValue((let _,_,_,_,_,t6 = row in t6))) |]), (ProviderFileSystem.asyncReadTextAtRuntimeWithDesignTimeRules @"<SOURCE_DIRECTORY>\..\FSharp.Data.Tests\Data" "" "LastFM.tsv"), "	", '"', false, false, false)

    static member AsyncLoad: uri:string -> CsvProvider async
    CsvFile<_>.AsyncCreateNonReentrant(new Func<_,_,_>(fun (parent:obj) (row:string[]) -> 
                                                          let value = TextConversions.AsOption(row.[0])
                                                          CommonRuntime.GetNonOptionalValue("Column1", CommonRuntime.ConvertString(value), value),
                                                          let value = TextConversions.AsOption(row.[1])
                                                          CommonRuntime.GetNonOptionalValue("Column2", CommonRuntime.ConvertDateTime("", value), value),
                                                          CommonRuntime.ConvertGuid(TextConversions.AsOption(row.[2])),
                                                          let value = TextConversions.AsOption(row.[3])
                                                          CommonRuntime.GetNonOptionalValue("Column4", CommonRuntime.ConvertString(value), value),
                                                          let value = TextConversions.AsOption(row.[4])
                                                          CommonRuntime.GetNonOptionalValue("Column5", CommonRuntime.ConvertString(value), value),
                                                          let value = TextConversions.AsOption(row.[5])
                                                          CommonRuntime.GetNonOptionalValue("Column6", CommonRuntime.ConvertString(value), value)), new Func<_,_>(fun (row:_ * _ * _ * _ * _ * _) -> 
                                                                                                                                                                     [| CommonRuntime.ConvertStringBack(CommonRuntime.GetOptionalValue((let t1,_,_,_,_,_ = row in t1)))
                                                                                                                                                                        CommonRuntime.ConvertDateTimeBack("", CommonRuntime.GetOptionalValue((let _,t2,_,_,_,_ = row in t2)))
                                                                                                                                                                        CommonRuntime.ConvertGuidBack((let _,_,t3,_,_,_ = row in t3))
                                                                                                                                                                        CommonRuntime.ConvertStringBack(CommonRuntime.GetOptionalValue((let _,_,_,t4,_,_ = row in t4)))
                                                                                                                                                                        CommonRuntime.ConvertStringBack(CommonRuntime.GetOptionalValue((let _,_,_,_,t5,_ = row in t5)))
                                                                                                                                                                        CommonRuntime.ConvertStringBack(CommonRuntime.GetOptionalValue((let _,_,_,_,_,t6 = row in t6))) |]), (ProviderFileSystem.asyncReadTextAtRuntime false @"<SOURCE_DIRECTORY>\..\FSharp.Data.Tests\Data" "" uri), "	", '"', false, false, false)

    static member GetSample: () -> CsvProvider
    CsvFile<_>.CreateNonReentrant(new Func<_,_,_>(fun (parent:obj) (row:string[]) -> 
                                                     let value = TextConversions.AsOption(row.[0])
                                                     CommonRuntime.GetNonOptionalValue("Column1", CommonRuntime.ConvertString(value), value),
                                                     let value = TextConversions.AsOption(row.[1])
                                                     CommonRuntime.GetNonOptionalValue("Column2", CommonRuntime.ConvertDateTime("", value), value),
                                                     CommonRuntime.ConvertGuid(TextConversions.AsOption(row.[2])),
                                                     let value = TextConversions.AsOption(row.[3])
                                                     CommonRuntime.GetNonOptionalValue("Column4", CommonRuntime.ConvertString(value), value),
                                                     let value = TextConversions.AsOption(row.[4])
                                                     CommonRuntime.GetNonOptionalValue("Column5", CommonRuntime.ConvertString(value), value),
                                                     let value = TextConversions.AsOption(row.[5])
                                                     CommonRuntime.GetNonOptionalValue("Column6", CommonRuntime.ConvertString(value), value)), new Func<_,_>(fun (row:_ * _ * _ * _ * _ * _) -> 
                                                                                                                                                                [| CommonRuntime.ConvertStringBack(CommonRuntime.GetOptionalValue((let t1,_,_,_,_,_ = row in t1)))
                                                                                                                                                                   CommonRuntime.ConvertDateTimeBack("", CommonRuntime.GetOptionalValue((let _,t2,_,_,_,_ = row in t2)))
                                                                                                                                                                   CommonRuntime.ConvertGuidBack((let _,_,t3,_,_,_ = row in t3))
                                                                                                                                                                   CommonRuntime.ConvertStringBack(CommonRuntime.GetOptionalValue((let _,_,_,t4,_,_ = row in t4)))
                                                                                                                                                                   CommonRuntime.ConvertStringBack(CommonRuntime.GetOptionalValue((let _,_,_,_,t5,_ = row in t5)))
                                                                                                                                                                   CommonRuntime.ConvertStringBack(CommonRuntime.GetOptionalValue((let _,_,_,_,_,t6 = row in t6))) |]), (ProviderFileSystem.asyncReadTextAtRuntimeWithDesignTimeRules @"<SOURCE_DIRECTORY>\..\FSharp.Data.Tests\Data" "" "LastFM.tsv") |> FSharpAsync.RunSynchronously, "	", '"', false, false, false)

    static member Load: stream:System.IO.Stream -> CsvProvider
    CsvFile<_>.CreateNonReentrant(new Func<_,_,_>(fun (parent:obj) (row:string[]) -> 
                                                     let value = TextConversions.AsOption(row.[0])
                                                     CommonRuntime.GetNonOptionalValue("Column1", CommonRuntime.ConvertString(value), value),
                                                     let value = TextConversions.AsOption(row.[1])
                                                     CommonRuntime.GetNonOptionalValue("Column2", CommonRuntime.ConvertDateTime("", value), value),
                                                     CommonRuntime.ConvertGuid(TextConversions.AsOption(row.[2])),
                                                     let value = TextConversions.AsOption(row.[3])
                                                     CommonRuntime.GetNonOptionalValue("Column4", CommonRuntime.ConvertString(value), value),
                                                     let value = TextConversions.AsOption(row.[4])
                                                     CommonRuntime.GetNonOptionalValue("Column5", CommonRuntime.ConvertString(value), value),
                                                     let value = TextConversions.AsOption(row.[5])
                                                     CommonRuntime.GetNonOptionalValue("Column6", CommonRuntime.ConvertString(value), value)), new Func<_,_>(fun (row:_ * _ * _ * _ * _ * _) -> 
                                                                                                                                                                [| CommonRuntime.ConvertStringBack(CommonRuntime.GetOptionalValue((let t1,_,_,_,_,_ = row in t1)))
                                                                                                                                                                   CommonRuntime.ConvertDateTimeBack("", CommonRuntime.GetOptionalValue((let _,t2,_,_,_,_ = row in t2)))
                                                                                                                                                                   CommonRuntime.ConvertGuidBack((let _,_,t3,_,_,_ = row in t3))
                                                                                                                                                                   CommonRuntime.ConvertStringBack(CommonRuntime.GetOptionalValue((let _,_,_,t4,_,_ = row in t4)))
                                                                                                                                                                   CommonRuntime.ConvertStringBack(CommonRuntime.GetOptionalValue((let _,_,_,_,t5,_ = row in t5)))
                                                                                                                                                                   CommonRuntime.ConvertStringBack(CommonRuntime.GetOptionalValue((let _,_,_,_,_,t6 = row in t6))) |]), ((new StreamReader(stream)) :> TextReader), "	", '"', false, false, false)

    static member Load: reader:System.IO.TextReader -> CsvProvider
    CsvFile<_>.CreateNonReentrant(new Func<_,_,_>(fun (parent:obj) (row:string[]) -> 
                                                     let value = TextConversions.AsOption(row.[0])
                                                     CommonRuntime.GetNonOptionalValue("Column1", CommonRuntime.ConvertString(value), value),
                                                     let value = TextConversions.AsOption(row.[1])
                                                     CommonRuntime.GetNonOptionalValue("Column2", CommonRuntime.ConvertDateTime("", value), value),
                                                     CommonRuntime.ConvertGuid(TextConversions.AsOption(row.[2])),
                                                     let value = TextConversions.AsOption(row.[3])
                                                     CommonRuntime.GetNonOptionalValue("Column4", CommonRuntime.ConvertString(value), value),
                                                     let value = TextConversions.AsOption(row.[4])
                                                     CommonRuntime.GetNonOptionalValue("Column5", CommonRuntime.ConvertString(value), value),
                                                     let value = TextConversions.AsOption(row.[5])
                                                     CommonRuntime.GetNonOptionalValue("Column6", CommonRuntime.ConvertString(value), value)), new Func<_,_>(fun (row:_ * _ * _ * _ * _ * _) -> 
                                                                                                                                                                [| CommonRuntime.ConvertStringBack(CommonRuntime.GetOptionalValue((let t1,_,_,_,_,_ = row in t1)))
                                                                                                                                                                   CommonRuntime.ConvertDateTimeBack("", CommonRuntime.GetOptionalValue((let _,t2,_,_,_,_ = row in t2)))
                                                                                                                                                                   CommonRuntime.ConvertGuidBack((let _,_,t3,_,_,_ = row in t3))
                                                                                                                                                                   CommonRuntime.ConvertStringBack(CommonRuntime.GetOptionalValue((let _,_,_,t4,_,_ = row in t4)))
                                                                                                                                                                   CommonRuntime.ConvertStringBack(CommonRuntime.GetOptionalValue((let _,_,_,_,t5,_ = row in t5)))
                                                                                                                                                                   CommonRuntime.ConvertStringBack(CommonRuntime.GetOptionalValue((let _,_,_,_,_,t6 = row in t6))) |]), reader, "	", '"', false, false, false)

    static member Load: uri:string -> CsvProvider
    CsvFile<_>.CreateNonReentrant(new Func<_,_,_>(fun (parent:obj) (row:string[]) -> 
                                                     let value = TextConversions.AsOption(row.[0])
                                                     CommonRuntime.GetNonOptionalValue("Column1", CommonRuntime.ConvertString(value), value),
                                                     let value = TextConversions.AsOption(row.[1])
                                                     CommonRuntime.GetNonOptionalValue("Column2", CommonRuntime.ConvertDateTime("", value), value),
                                                     CommonRuntime.ConvertGuid(TextConversions.AsOption(row.[2])),
                                                     let value = TextConversions.AsOption(row.[3])
                                                     CommonRuntime.GetNonOptionalValue("Column4", CommonRuntime.ConvertString(value), value),
                                                     let value = TextConversions.AsOption(row.[4])
                                                     CommonRuntime.GetNonOptionalValue("Column5", CommonRuntime.ConvertString(value), value),
                                                     let value = TextConversions.AsOption(row.[5])
                                                     CommonRuntime.GetNonOptionalValue("Column6", CommonRuntime.ConvertString(value), value)), new Func<_,_>(fun (row:_ * _ * _ * _ * _ * _) -> 
                                                                                                                                                                [| CommonRuntime.ConvertStringBack(CommonRuntime.GetOptionalValue((let t1,_,_,_,_,_ = row in t1)))
                                                                                                                                                                   CommonRuntime.ConvertDateTimeBack("", CommonRuntime.GetOptionalValue((let _,t2,_,_,_,_ = row in t2)))
                                                                                                                                                                   CommonRuntime.ConvertGuidBack((let _,_,t3,_,_,_ = row in t3))
                                                                                                                                                                   CommonRuntime.ConvertStringBack(CommonRuntime.GetOptionalValue((let _,_,_,t4,_,_ = row in t4)))
                                                                                                                                                                   CommonRuntime.ConvertStringBack(CommonRuntime.GetOptionalValue((let _,_,_,_,t5,_ = row in t5)))
                                                                                                                                                                   CommonRuntime.ConvertStringBack(CommonRuntime.GetOptionalValue((let _,_,_,_,_,t6 = row in t6))) |]), (ProviderFileSystem.asyncReadTextAtRuntime false @"<SOURCE_DIRECTORY>\..\FSharp.Data.Tests\Data" "" uri) |> FSharpAsync.RunSynchronously, "	", '"', false, false, false)

    static member Parse: text:string -> CsvProvider
    CsvFile<_>.CreateNonReentrant(new Func<_,_,_>(fun (parent:obj) (row:string[]) -> 
                                                     let value = TextConversions.AsOption(row.[0])
                                                     CommonRuntime.GetNonOptionalValue("Column1", CommonRuntime.ConvertString(value), value),
                                                     let value = TextConversions.AsOption(row.[1])
                                                     CommonRuntime.GetNonOptionalValue("Column2", CommonRuntime.ConvertDateTime("", value), value),
                                                     CommonRuntime.ConvertGuid(TextConversions.AsOption(row.[2])),
                                                     let value = TextConversions.AsOption(row.[3])
                                                     CommonRuntime.GetNonOptionalValue("Column4", CommonRuntime.ConvertString(value), value),
                                                     let value = TextConversions.AsOption(row.[4])
                                                     CommonRuntime.GetNonOptionalValue("Column5", CommonRuntime.ConvertString(value), value),
                                                     let value = TextConversions.AsOption(row.[5])
                                                     CommonRuntime.GetNonOptionalValue("Column6", CommonRuntime.ConvertString(value), value)), new Func<_,_>(fun (row:_ * _ * _ * _ * _ * _) -> 
                                                                                                                                                                [| CommonRuntime.ConvertStringBack(CommonRuntime.GetOptionalValue((let t1,_,_,_,_,_ = row in t1)))
                                                                                                                                                                   CommonRuntime.ConvertDateTimeBack("", CommonRuntime.GetOptionalValue((let _,t2,_,_,_,_ = row in t2)))
                                                                                                                                                                   CommonRuntime.ConvertGuidBack((let _,_,t3,_,_,_ = row in t3))
                                                                                                                                                                   CommonRuntime.ConvertStringBack(CommonRuntime.GetOptionalValue((let _,_,_,t4,_,_ = row in t4)))
                                                                                                                                                                   CommonRuntime.ConvertStringBack(CommonRuntime.GetOptionalValue((let _,_,_,_,t5,_ = row in t5)))
                                                                                                                                                                   CommonRuntime.ConvertStringBack(CommonRuntime.GetOptionalValue((let _,_,_,_,_,t6 = row in t6))) |]), ((new StringReader(text)) :> TextReader), "	", '"', false, false, false)


class CsvProvider+Row : string * System.DateTime * System.Guid option * string * string * string
    member Column1: string with get
    (let t1,_,_,_,_,_ = this in t1)

    member Column2: System.DateTime with get
    (let _,t2,_,_,_,_ = this in t2)

    member Column3: System.Guid option with get
    (let _,_,t3,_,_,_ = this in t3)

    member Column4: string with get
    (let _,_,_,t4,_,_ = this in t4)

    member Column5: string with get
    (let _,_,_,_,t5,_ = this in t5)

    member Column6: string with get
    (let _,_,_,_,_,t6 = this in t6)


