class CsvProvider : FDR.CsvFile<CsvProvider+Row>
    static member AsyncGetSample: () -> CsvProvider async
    CsvFile<_>.AsyncCreateNonReentrant(new Func<_,_,_>(fun (parent:obj) (row:string[]) -> 
                                                          let value = TextConversions.AsOption(row.[0])
                                                          CommonRuntime.GetNonOptionalValue("Ozone", CommonRuntime.ConvertFloat("", "NaN,NA,#N/A,:", value), value),
                                                          let value = TextConversions.AsOption(row.[1])
                                                          CommonRuntime.GetNonOptionalValue("Solar.R", CommonRuntime.ConvertFloat("", "NaN,NA,#N/A,:", value), value),
                                                          let value = TextConversions.AsOption(row.[2])
                                                          CommonRuntime.GetNonOptionalValue("Wind", CommonRuntime.ConvertDecimal("", value), value),
                                                          let value = TextConversions.AsOption(row.[3])
                                                          CommonRuntime.GetNonOptionalValue("Temp", CommonRuntime.ConvertInteger("", value), value),
                                                          let value = TextConversions.AsOption(row.[4])
                                                          CommonRuntime.GetNonOptionalValue("Month", CommonRuntime.ConvertInteger("", value), value),
                                                          let value = TextConversions.AsOption(row.[5])
                                                          CommonRuntime.GetNonOptionalValue("Day", CommonRuntime.ConvertInteger("", value), value)), new Func<_,_>(fun (row:_ * _ * _ * _ * _ * _) -> 
                                                                                                                                                                      [| CommonRuntime.ConvertFloatBack("", "NaN,NA,#N/A,:", CommonRuntime.GetOptionalValue((let t1,_,_,_,_,_ = row in t1)))
                                                                                                                                                                         CommonRuntime.ConvertFloatBack("", "NaN,NA,#N/A,:", CommonRuntime.GetOptionalValue((let _,t2,_,_,_,_ = row in t2)))
                                                                                                                                                                         CommonRuntime.ConvertDecimalBack("", CommonRuntime.GetOptionalValue((let _,_,t3,_,_,_ = row in t3)))
                                                                                                                                                                         CommonRuntime.ConvertIntegerBack("", CommonRuntime.GetOptionalValue((let _,_,_,t4,_,_ = row in t4)))
                                                                                                                                                                         CommonRuntime.ConvertIntegerBack("", CommonRuntime.GetOptionalValue((let _,_,_,_,t5,_ = row in t5)))
                                                                                                                                                                         CommonRuntime.ConvertIntegerBack("", CommonRuntime.GetOptionalValue((let _,_,_,_,_,t6 = row in t6))) |]), (ProviderFileSystem.asyncReadTextAtRuntimeWithDesignTimeRules @"<SOURCE_DIRECTORY>\..\FSharp.Data.Tests\Data" "" "AirQuality.csv"), ";", '"', true, false, false)

    static member AsyncLoad: uri:string -> CsvProvider async
    CsvFile<_>.AsyncCreateNonReentrant(new Func<_,_,_>(fun (parent:obj) (row:string[]) -> 
                                                          let value = TextConversions.AsOption(row.[0])
                                                          CommonRuntime.GetNonOptionalValue("Ozone", CommonRuntime.ConvertFloat("", "NaN,NA,#N/A,:", value), value),
                                                          let value = TextConversions.AsOption(row.[1])
                                                          CommonRuntime.GetNonOptionalValue("Solar.R", CommonRuntime.ConvertFloat("", "NaN,NA,#N/A,:", value), value),
                                                          let value = TextConversions.AsOption(row.[2])
                                                          CommonRuntime.GetNonOptionalValue("Wind", CommonRuntime.ConvertDecimal("", value), value),
                                                          let value = TextConversions.AsOption(row.[3])
                                                          CommonRuntime.GetNonOptionalValue("Temp", CommonRuntime.ConvertInteger("", value), value),
                                                          let value = TextConversions.AsOption(row.[4])
                                                          CommonRuntime.GetNonOptionalValue("Month", CommonRuntime.ConvertInteger("", value), value),
                                                          let value = TextConversions.AsOption(row.[5])
                                                          CommonRuntime.GetNonOptionalValue("Day", CommonRuntime.ConvertInteger("", value), value)), new Func<_,_>(fun (row:_ * _ * _ * _ * _ * _) -> 
                                                                                                                                                                      [| CommonRuntime.ConvertFloatBack("", "NaN,NA,#N/A,:", CommonRuntime.GetOptionalValue((let t1,_,_,_,_,_ = row in t1)))
                                                                                                                                                                         CommonRuntime.ConvertFloatBack("", "NaN,NA,#N/A,:", CommonRuntime.GetOptionalValue((let _,t2,_,_,_,_ = row in t2)))
                                                                                                                                                                         CommonRuntime.ConvertDecimalBack("", CommonRuntime.GetOptionalValue((let _,_,t3,_,_,_ = row in t3)))
                                                                                                                                                                         CommonRuntime.ConvertIntegerBack("", CommonRuntime.GetOptionalValue((let _,_,_,t4,_,_ = row in t4)))
                                                                                                                                                                         CommonRuntime.ConvertIntegerBack("", CommonRuntime.GetOptionalValue((let _,_,_,_,t5,_ = row in t5)))
                                                                                                                                                                         CommonRuntime.ConvertIntegerBack("", CommonRuntime.GetOptionalValue((let _,_,_,_,_,t6 = row in t6))) |]), (ProviderFileSystem.asyncReadTextAtRuntime false @"<SOURCE_DIRECTORY>\..\FSharp.Data.Tests\Data" "" uri), ";", '"', true, false, false)

    static member GetSample: () -> CsvProvider
    CsvFile<_>.CreateNonReentrant(new Func<_,_,_>(fun (parent:obj) (row:string[]) -> 
                                                     let value = TextConversions.AsOption(row.[0])
                                                     CommonRuntime.GetNonOptionalValue("Ozone", CommonRuntime.ConvertFloat("", "NaN,NA,#N/A,:", value), value),
                                                     let value = TextConversions.AsOption(row.[1])
                                                     CommonRuntime.GetNonOptionalValue("Solar.R", CommonRuntime.ConvertFloat("", "NaN,NA,#N/A,:", value), value),
                                                     let value = TextConversions.AsOption(row.[2])
                                                     CommonRuntime.GetNonOptionalValue("Wind", CommonRuntime.ConvertDecimal("", value), value),
                                                     let value = TextConversions.AsOption(row.[3])
                                                     CommonRuntime.GetNonOptionalValue("Temp", CommonRuntime.ConvertInteger("", value), value),
                                                     let value = TextConversions.AsOption(row.[4])
                                                     CommonRuntime.GetNonOptionalValue("Month", CommonRuntime.ConvertInteger("", value), value),
                                                     let value = TextConversions.AsOption(row.[5])
                                                     CommonRuntime.GetNonOptionalValue("Day", CommonRuntime.ConvertInteger("", value), value)), new Func<_,_>(fun (row:_ * _ * _ * _ * _ * _) -> 
                                                                                                                                                                 [| CommonRuntime.ConvertFloatBack("", "NaN,NA,#N/A,:", CommonRuntime.GetOptionalValue((let t1,_,_,_,_,_ = row in t1)))
                                                                                                                                                                    CommonRuntime.ConvertFloatBack("", "NaN,NA,#N/A,:", CommonRuntime.GetOptionalValue((let _,t2,_,_,_,_ = row in t2)))
                                                                                                                                                                    CommonRuntime.ConvertDecimalBack("", CommonRuntime.GetOptionalValue((let _,_,t3,_,_,_ = row in t3)))
                                                                                                                                                                    CommonRuntime.ConvertIntegerBack("", CommonRuntime.GetOptionalValue((let _,_,_,t4,_,_ = row in t4)))
                                                                                                                                                                    CommonRuntime.ConvertIntegerBack("", CommonRuntime.GetOptionalValue((let _,_,_,_,t5,_ = row in t5)))
                                                                                                                                                                    CommonRuntime.ConvertIntegerBack("", CommonRuntime.GetOptionalValue((let _,_,_,_,_,t6 = row in t6))) |]), FSharpAsync.RunSynchronously((ProviderFileSystem.asyncReadTextAtRuntimeWithDesignTimeRules @"<SOURCE_DIRECTORY>\..\FSharp.Data.Tests\Data" "" "AirQuality.csv")), ";", '"', true, false, false)

    static member Load: stream:System.IO.Stream -> CsvProvider
    CsvFile<_>.CreateNonReentrant(new Func<_,_,_>(fun (parent:obj) (row:string[]) -> 
                                                     let value = TextConversions.AsOption(row.[0])
                                                     CommonRuntime.GetNonOptionalValue("Ozone", CommonRuntime.ConvertFloat("", "NaN,NA,#N/A,:", value), value),
                                                     let value = TextConversions.AsOption(row.[1])
                                                     CommonRuntime.GetNonOptionalValue("Solar.R", CommonRuntime.ConvertFloat("", "NaN,NA,#N/A,:", value), value),
                                                     let value = TextConversions.AsOption(row.[2])
                                                     CommonRuntime.GetNonOptionalValue("Wind", CommonRuntime.ConvertDecimal("", value), value),
                                                     let value = TextConversions.AsOption(row.[3])
                                                     CommonRuntime.GetNonOptionalValue("Temp", CommonRuntime.ConvertInteger("", value), value),
                                                     let value = TextConversions.AsOption(row.[4])
                                                     CommonRuntime.GetNonOptionalValue("Month", CommonRuntime.ConvertInteger("", value), value),
                                                     let value = TextConversions.AsOption(row.[5])
                                                     CommonRuntime.GetNonOptionalValue("Day", CommonRuntime.ConvertInteger("", value), value)), new Func<_,_>(fun (row:_ * _ * _ * _ * _ * _) -> 
                                                                                                                                                                 [| CommonRuntime.ConvertFloatBack("", "NaN,NA,#N/A,:", CommonRuntime.GetOptionalValue((let t1,_,_,_,_,_ = row in t1)))
                                                                                                                                                                    CommonRuntime.ConvertFloatBack("", "NaN,NA,#N/A,:", CommonRuntime.GetOptionalValue((let _,t2,_,_,_,_ = row in t2)))
                                                                                                                                                                    CommonRuntime.ConvertDecimalBack("", CommonRuntime.GetOptionalValue((let _,_,t3,_,_,_ = row in t3)))
                                                                                                                                                                    CommonRuntime.ConvertIntegerBack("", CommonRuntime.GetOptionalValue((let _,_,_,t4,_,_ = row in t4)))
                                                                                                                                                                    CommonRuntime.ConvertIntegerBack("", CommonRuntime.GetOptionalValue((let _,_,_,_,t5,_ = row in t5)))
                                                                                                                                                                    CommonRuntime.ConvertIntegerBack("", CommonRuntime.GetOptionalValue((let _,_,_,_,_,t6 = row in t6))) |]), ((new StreamReader(stream)) :> TextReader), ";", '"', true, false, false)

    static member Load: reader:System.IO.TextReader -> CsvProvider
    CsvFile<_>.CreateNonReentrant(new Func<_,_,_>(fun (parent:obj) (row:string[]) -> 
                                                     let value = TextConversions.AsOption(row.[0])
                                                     CommonRuntime.GetNonOptionalValue("Ozone", CommonRuntime.ConvertFloat("", "NaN,NA,#N/A,:", value), value),
                                                     let value = TextConversions.AsOption(row.[1])
                                                     CommonRuntime.GetNonOptionalValue("Solar.R", CommonRuntime.ConvertFloat("", "NaN,NA,#N/A,:", value), value),
                                                     let value = TextConversions.AsOption(row.[2])
                                                     CommonRuntime.GetNonOptionalValue("Wind", CommonRuntime.ConvertDecimal("", value), value),
                                                     let value = TextConversions.AsOption(row.[3])
                                                     CommonRuntime.GetNonOptionalValue("Temp", CommonRuntime.ConvertInteger("", value), value),
                                                     let value = TextConversions.AsOption(row.[4])
                                                     CommonRuntime.GetNonOptionalValue("Month", CommonRuntime.ConvertInteger("", value), value),
                                                     let value = TextConversions.AsOption(row.[5])
                                                     CommonRuntime.GetNonOptionalValue("Day", CommonRuntime.ConvertInteger("", value), value)), new Func<_,_>(fun (row:_ * _ * _ * _ * _ * _) -> 
                                                                                                                                                                 [| CommonRuntime.ConvertFloatBack("", "NaN,NA,#N/A,:", CommonRuntime.GetOptionalValue((let t1,_,_,_,_,_ = row in t1)))
                                                                                                                                                                    CommonRuntime.ConvertFloatBack("", "NaN,NA,#N/A,:", CommonRuntime.GetOptionalValue((let _,t2,_,_,_,_ = row in t2)))
                                                                                                                                                                    CommonRuntime.ConvertDecimalBack("", CommonRuntime.GetOptionalValue((let _,_,t3,_,_,_ = row in t3)))
                                                                                                                                                                    CommonRuntime.ConvertIntegerBack("", CommonRuntime.GetOptionalValue((let _,_,_,t4,_,_ = row in t4)))
                                                                                                                                                                    CommonRuntime.ConvertIntegerBack("", CommonRuntime.GetOptionalValue((let _,_,_,_,t5,_ = row in t5)))
                                                                                                                                                                    CommonRuntime.ConvertIntegerBack("", CommonRuntime.GetOptionalValue((let _,_,_,_,_,t6 = row in t6))) |]), reader, ";", '"', true, false, false)

    static member Load: uri:string -> CsvProvider
    CsvFile<_>.CreateNonReentrant(new Func<_,_,_>(fun (parent:obj) (row:string[]) -> 
                                                     let value = TextConversions.AsOption(row.[0])
                                                     CommonRuntime.GetNonOptionalValue("Ozone", CommonRuntime.ConvertFloat("", "NaN,NA,#N/A,:", value), value),
                                                     let value = TextConversions.AsOption(row.[1])
                                                     CommonRuntime.GetNonOptionalValue("Solar.R", CommonRuntime.ConvertFloat("", "NaN,NA,#N/A,:", value), value),
                                                     let value = TextConversions.AsOption(row.[2])
                                                     CommonRuntime.GetNonOptionalValue("Wind", CommonRuntime.ConvertDecimal("", value), value),
                                                     let value = TextConversions.AsOption(row.[3])
                                                     CommonRuntime.GetNonOptionalValue("Temp", CommonRuntime.ConvertInteger("", value), value),
                                                     let value = TextConversions.AsOption(row.[4])
                                                     CommonRuntime.GetNonOptionalValue("Month", CommonRuntime.ConvertInteger("", value), value),
                                                     let value = TextConversions.AsOption(row.[5])
                                                     CommonRuntime.GetNonOptionalValue("Day", CommonRuntime.ConvertInteger("", value), value)), new Func<_,_>(fun (row:_ * _ * _ * _ * _ * _) -> 
                                                                                                                                                                 [| CommonRuntime.ConvertFloatBack("", "NaN,NA,#N/A,:", CommonRuntime.GetOptionalValue((let t1,_,_,_,_,_ = row in t1)))
                                                                                                                                                                    CommonRuntime.ConvertFloatBack("", "NaN,NA,#N/A,:", CommonRuntime.GetOptionalValue((let _,t2,_,_,_,_ = row in t2)))
                                                                                                                                                                    CommonRuntime.ConvertDecimalBack("", CommonRuntime.GetOptionalValue((let _,_,t3,_,_,_ = row in t3)))
                                                                                                                                                                    CommonRuntime.ConvertIntegerBack("", CommonRuntime.GetOptionalValue((let _,_,_,t4,_,_ = row in t4)))
                                                                                                                                                                    CommonRuntime.ConvertIntegerBack("", CommonRuntime.GetOptionalValue((let _,_,_,_,t5,_ = row in t5)))
                                                                                                                                                                    CommonRuntime.ConvertIntegerBack("", CommonRuntime.GetOptionalValue((let _,_,_,_,_,t6 = row in t6))) |]), FSharpAsync.RunSynchronously((ProviderFileSystem.asyncReadTextAtRuntime false @"<SOURCE_DIRECTORY>\..\FSharp.Data.Tests\Data" "" uri)), ";", '"', true, false, false)

    static member Parse: text:string -> CsvProvider
    CsvFile<_>.CreateNonReentrant(new Func<_,_,_>(fun (parent:obj) (row:string[]) -> 
                                                     let value = TextConversions.AsOption(row.[0])
                                                     CommonRuntime.GetNonOptionalValue("Ozone", CommonRuntime.ConvertFloat("", "NaN,NA,#N/A,:", value), value),
                                                     let value = TextConversions.AsOption(row.[1])
                                                     CommonRuntime.GetNonOptionalValue("Solar.R", CommonRuntime.ConvertFloat("", "NaN,NA,#N/A,:", value), value),
                                                     let value = TextConversions.AsOption(row.[2])
                                                     CommonRuntime.GetNonOptionalValue("Wind", CommonRuntime.ConvertDecimal("", value), value),
                                                     let value = TextConversions.AsOption(row.[3])
                                                     CommonRuntime.GetNonOptionalValue("Temp", CommonRuntime.ConvertInteger("", value), value),
                                                     let value = TextConversions.AsOption(row.[4])
                                                     CommonRuntime.GetNonOptionalValue("Month", CommonRuntime.ConvertInteger("", value), value),
                                                     let value = TextConversions.AsOption(row.[5])
                                                     CommonRuntime.GetNonOptionalValue("Day", CommonRuntime.ConvertInteger("", value), value)), new Func<_,_>(fun (row:_ * _ * _ * _ * _ * _) -> 
                                                                                                                                                                 [| CommonRuntime.ConvertFloatBack("", "NaN,NA,#N/A,:", CommonRuntime.GetOptionalValue((let t1,_,_,_,_,_ = row in t1)))
                                                                                                                                                                    CommonRuntime.ConvertFloatBack("", "NaN,NA,#N/A,:", CommonRuntime.GetOptionalValue((let _,t2,_,_,_,_ = row in t2)))
                                                                                                                                                                    CommonRuntime.ConvertDecimalBack("", CommonRuntime.GetOptionalValue((let _,_,t3,_,_,_ = row in t3)))
                                                                                                                                                                    CommonRuntime.ConvertIntegerBack("", CommonRuntime.GetOptionalValue((let _,_,_,t4,_,_ = row in t4)))
                                                                                                                                                                    CommonRuntime.ConvertIntegerBack("", CommonRuntime.GetOptionalValue((let _,_,_,_,t5,_ = row in t5)))
                                                                                                                                                                    CommonRuntime.ConvertIntegerBack("", CommonRuntime.GetOptionalValue((let _,_,_,_,_,t6 = row in t6))) |]), ((new StringReader(text)) :> TextReader), ";", '"', true, false, false)


class CsvProvider+Row : float * float * decimal * int * int * int
    member Day: int with get
    (let _,_,_,_,_,t6 = this in t6)

    member Month: int with get
    (let _,_,_,_,t5,_ = this in t5)

    member Ozone: float with get
    (let t1,_,_,_,_,_ = this in t1)

    member Solar.R: float with get
    (let _,t2,_,_,_,_ = this in t2)

    member Temp: int with get
    (let _,_,_,t4,_,_ = this in t4)

    member Wind: decimal with get
    (let _,_,t3,_,_,_ = this in t3)


