class JsonProvider
    static member AsyncGetSample: () -> JsonProvider+DomainTypes+Entity async
    JsonDocument.AsyncCreate((ProviderFileSystem.asyncReadTextAtRuntimeWithDesignTimeRules @"<SOURCE_DIRECTORY>\..\FSharp.Data.Tests\Data" "" "Simple.json"), "")

    static member AsyncLoad: uri:string -> JsonProvider+DomainTypes+Entity async
    JsonDocument.AsyncCreate((ProviderFileSystem.asyncReadTextAtRuntime false @"<SOURCE_DIRECTORY>\..\FSharp.Data.Tests\Data" "" uri), "")

    static member GetSample: () -> JsonProvider+DomainTypes+Entity
    JsonDocument.Create((ProviderFileSystem.asyncReadTextAtRuntimeWithDesignTimeRules @"<SOURCE_DIRECTORY>\..\FSharp.Data.Tests\Data" "" "Simple.json") |> FSharpAsync.RunSynchronously, "")

    static member Load: stream:System.IO.Stream -> JsonProvider+DomainTypes+Entity
    JsonDocument.Create(((new StreamReader(stream)) :> TextReader), "")

    static member Load: reader:System.IO.TextReader -> JsonProvider+DomainTypes+Entity
    JsonDocument.Create(reader, "")

    static member Load: uri:string -> JsonProvider+DomainTypes+Entity
    JsonDocument.Create((ProviderFileSystem.asyncReadTextAtRuntime false @"<SOURCE_DIRECTORY>\..\FSharp.Data.Tests\Data" "" uri) |> FSharpAsync.RunSynchronously, "")

    static member Parse: text:string -> JsonProvider+DomainTypes+Entity
    JsonDocument.Create(((new StringReader(text)) :> TextReader), "")


class JsonProvider+DomainTypes

class JsonProvider+DomainTypes+Entity : FDR.JsonDocument
    member Age: int with get
    JsonOperations.GetInteger(JsonDocument.Create(JsonOperations.GetProperty(this.JsonValue, "age")).JsonValue, "")

    member FirstName: string with get
    JsonOperations.GetString(JsonDocument.Create(JsonOperations.GetProperty(this.JsonValue, "firstName")).JsonValue)

    member IsCool: bool with get
    JsonOperations.GetBoolean(JsonDocument.Create(JsonOperations.GetProperty(this.JsonValue, "isCool")).JsonValue)

    member LastName: string with get
    JsonOperations.GetString(JsonDocument.Create(JsonOperations.GetProperty(this.JsonValue, "lastName")).JsonValue)


