class JsonProvider
    static member AsyncGetSample: () -> JsonProvider+Entity async
    let f = new Func<_,_>(fun (t:TextReader) -> JsonDocument.Create(t, ""))
    TextRuntime.AsyncMap((IO.asyncReadTextAtRuntimeWithDesignTimeRules @"<SOURCE_DIRECTORY>\..\FSharp.Data.Tests\Data" "" "Empty.json"), f)

    static member AsyncLoad: uri:string -> JsonProvider+Entity async
    let f = new Func<_,_>(fun (t:TextReader) -> JsonDocument.Create(t, ""))
    TextRuntime.AsyncMap((IO.asyncReadTextAtRuntime false @"<SOURCE_DIRECTORY>\..\FSharp.Data.Tests\Data" "" uri), f)

    static member GetSample: () -> JsonProvider+Entity
    JsonDocument.Create(FSharpAsync.RunSynchronously((IO.asyncReadTextAtRuntimeWithDesignTimeRules @"<SOURCE_DIRECTORY>\..\FSharp.Data.Tests\Data" "" "Empty.json")), "")

    static member Load: stream:System.IO.Stream -> JsonProvider+Entity
    JsonDocument.Create(((new StreamReader(stream)) :> TextReader), "")

    static member Load: reader:System.IO.TextReader -> JsonProvider+Entity
    JsonDocument.Create(reader, "")

    static member Load: uri:string -> JsonProvider+Entity
    JsonDocument.Create(FSharpAsync.RunSynchronously((IO.asyncReadTextAtRuntime false @"<SOURCE_DIRECTORY>\..\FSharp.Data.Tests\Data" "" uri)), "")

    static member Parse: text:string -> JsonProvider+Entity
    JsonDocument.Create(((new StringReader(text)) :> TextReader), "")


class JsonProvider+Entity : FDR.IJsonDocument

