class JsonProvider
    static member AsyncGetSample: () -> JsonProvider+Entity async
    JsonDocument.AsyncCreate((IO.asyncReadTextAtRuntimeWithDesignTimeRules @"<SOURCE_DIRECTORY>\..\FSharp.Data.Tests\Data" "" "SimpleArray.json"), "")

    static member AsyncLoad: uri:string -> JsonProvider+Entity async
    JsonDocument.AsyncCreate((IO.asyncReadTextAtRuntime false @"<SOURCE_DIRECTORY>\..\FSharp.Data.Tests\Data" "" uri), "")

    static member GetSample: () -> JsonProvider+Entity
    JsonDocument.Create(FSharpAsync.RunSynchronously((IO.asyncReadTextAtRuntimeWithDesignTimeRules @"<SOURCE_DIRECTORY>\..\FSharp.Data.Tests\Data" "" "SimpleArray.json")), "")

    static member Load: stream:System.IO.Stream -> JsonProvider+Entity
    JsonDocument.Create(((new StreamReader(stream)) :> TextReader), "")

    static member Load: reader:System.IO.TextReader -> JsonProvider+Entity
    JsonDocument.Create(reader, "")

    static member Load: uri:string -> JsonProvider+Entity
    JsonDocument.Create(FSharpAsync.RunSynchronously((IO.asyncReadTextAtRuntime false @"<SOURCE_DIRECTORY>\..\FSharp.Data.Tests\Data" "" uri)), "")

    static member Parse: text:string -> JsonProvider+Entity
    JsonDocument.Create(((new StringReader(text)) :> TextReader), "")


class JsonProvider+Entity : FDR.IJsonDocument
    member Items: JsonProvider+Item[] with get
    JsonRuntime.ConvertArray(JsonRuntime.GetPropertyPacked(this, "items"), new Func<_,_>(id)))


class JsonProvider+Item : FDR.IJsonDocument
    member Id: string with get
    let value = JsonRuntime.TryGetPropertyUnpacked(this, "id")
    JsonRuntime.GetNonOptionalValue("id", JsonRuntime.ConvertString("", value), value)


