class XmlProvider
    static member AsyncGetSample: () -> XmlProvider+Authors async
    XmlElement.AsyncCreate((IO.asyncReadTextAtRuntimeWithDesignTimeRules @"<SOURCE_DIRECTORY>\..\FSharp.Data.Tests\Data" "" "Philosophy.xml"))

    static member AsyncLoad: uri:string -> XmlProvider+Authors async
    XmlElement.AsyncCreate((IO.asyncReadTextAtRuntime false @"<SOURCE_DIRECTORY>\..\FSharp.Data.Tests\Data" "" uri))

    static member GetSample: () -> XmlProvider+Authors
    XmlElement.Create(FSharpAsync.RunSynchronously((IO.asyncReadTextAtRuntimeWithDesignTimeRules @"<SOURCE_DIRECTORY>\..\FSharp.Data.Tests\Data" "" "Philosophy.xml")))

    static member Load: stream:System.IO.Stream -> XmlProvider+Authors
    XmlElement.Create(((new StreamReader(stream)) :> TextReader))

    static member Load: reader:System.IO.TextReader -> XmlProvider+Authors
    XmlElement.Create(reader)

    static member Load: uri:string -> XmlProvider+Authors
    XmlElement.Create(FSharpAsync.RunSynchronously((IO.asyncReadTextAtRuntime false @"<SOURCE_DIRECTORY>\..\FSharp.Data.Tests\Data" "" uri)))

    static member Parse: text:string -> XmlProvider+Authors
    XmlElement.Create(((new StringReader(text)) :> TextReader))


class XmlProvider+Authors : FDR.XmlElement
    member GetAuthors: () -> XmlProvider+Author[]
    XmlRuntime.ConvertArray(this, "author", new Func<_,_>(id)))


class XmlProvider+Author : FDR.XmlElement
    member Birth: int option with get
    TextRuntime.ConvertInteger("", XmlRuntime.TryGetAttribute(this, "birth"))

    member GetBooks: () -> XmlProvider+Book[]
    XmlRuntime.ConvertArray(this, "book", new Func<_,_>(id)))

    member Manuscript: XmlProvider+Manuscript option with get
    XmlRuntime.ConvertOptional(this, "manuscript", new Func<_,_>(id)))

    member Name: string with get
    let value = XmlRuntime.TryGetAttribute(this, "name")
    TextRuntime.GetNonOptionalValue("Attribute name", TextRuntime.ConvertString(value), value)

    member Surname: string with get
    let value = XmlRuntime.TryGetAttribute(this, "surname")
    TextRuntime.GetNonOptionalValue("Attribute surname", TextRuntime.ConvertString(value), value)


class XmlProvider+Book : FDR.XmlElement
    member Title: string with get
    let value = XmlRuntime.TryGetAttribute(this, "title")
    TextRuntime.GetNonOptionalValue("Attribute title", TextRuntime.ConvertString(value), value)


class XmlProvider+Manuscript : FDR.XmlElement
    member Title: string with get
    let value = XmlRuntime.TryGetAttribute(this, "title")
    TextRuntime.GetNonOptionalValue("Attribute title", TextRuntime.ConvertString(value), value)


